15:32:11 **** Incremental Build of configuration Debug for project 01-GPIO_Playground ****
make -j8 all 
arm-none-eabi-gcc "../Core/Src/main.c" -mcpu=cortex-m4 -std=gnu11 -g3 -DDEBUG -DUSE_HAL_DRIVER -DSTM32F446xx -c -I../Core/Inc -I../Drivers/STM32F4xx_HAL_Driver/Inc -I../Drivers/STM32F4xx_HAL_Driver/Inc/Legacy -I../Drivers/CMSIS/Device/ST/STM32F4xx/Include -I../Drivers/CMSIS/Include -O0 -ffunction-sections -fdata-sections -Wall -fstack-usage -fcyclomatic-complexity -MMD -MP -MF"Core/Src/main.d" -MT"Core/Src/main.o" --specs=nano.specs -mfpu=fpv4-sp-d16 -mfloat-abi=hard -mthumb -o "Core/Src/main.o"
../Core/Src/main.c:124:6: warning: 'Knight_Rider_Mirror_Pattern' defined but not used [-Wunused-function]
  124 | void Knight_Rider_Mirror_Pattern (void)
      |      ^~~~~~~~~~~~~~~~~~~~~~~~~~~
arm-none-eabi-gcc -o "01-GPIO_Playground.elf" @"objects.list"   -mcpu=cortex-m4 -T"C:\Users\madhi\Documents\GitHub\STM32-Learning\01-GPIO_Playground\STM32F446RETX_FLASH.ld" --specs=nosys.specs -Wl,-Map="01-GPIO_Playground.map" -Wl,--gc-sections -static --specs=nano.specs -mfpu=fpv4-sp-d16 -mfloat-abi=hard -mthumb -Wl,--start-group -lc -lm -Wl,--end-group
Finished building target: 01-GPIO_Playground.elf
 
arm-none-eabi-size  01-GPIO_Playground.elf 
arm-none-eabi-objdump -h -S 01-GPIO_Playground.elf  > "01-GPIO_Playground.list"
   text	   data	    bss	    dec	    hex	filename
   8456	     12	   1644	  10112	   2780	01-GPIO_Playground.elf
Finished building: default.size.stdout
 
Finished building: 01-GPIO_Playground.list
 

15:32:13 Build Finished. 0 errors, 1 warnings. (took 2s.321ms)

