11:34:30 **** Build of configuration Debug for project 01-GPIO_Playground ****
make -j8 all 
arm-none-eabi-gcc "../Drivers/STM32F4xx_HAL_Driver/Src/stm32f4xx_hal.c" -mcpu=cortex-m4 -std=gnu11 -g3 -DDEBUG -DUSE_HAL_DRIVER -DSTM32F446xx -c -I../Core/Inc -I../Drivers/STM32F4xx_HAL_Driver/Inc -I../Drivers/STM32F4xx_HAL_Driver/Inc/Legacy -I../Drivers/CMSIS/Device/ST/STM32F4xx/Include -I../Drivers/CMSIS/Include -O0 -ffunction-sections -fdata-sections -Wall -fstack-usage -fcyclomatic-complexity -MMD -MP -MF"Drivers/STM32F4xx_HAL_Driver/Src/stm32f4xx_hal.d" -MT"Drivers/STM32F4xx_HAL_Driver/Src/stm32f4xx_hal.o" --specs=nano.specs -mfpu=fpv4-sp-d16 -mfloat-abi=hard -mthumb -o "Drivers/STM32F4xx_HAL_Driver/Src/stm32f4xx_hal.o"
arm-none-eabi-gcc "../Drivers/STM32F4xx_HAL_Driver/Src/stm32f4xx_hal_cortex.c" -mcpu=cortex-m4 -std=gnu11 -g3 -DDEBUG -DUSE_HAL_DRIVER -DSTM32F446xx -c -I../Core/Inc -I../Drivers/STM32F4xx_HAL_Driver/Inc -I../Drivers/STM32F4xx_HAL_Driver/Inc/Legacy -I../Drivers/CMSIS/Device/ST/STM32F4xx/Include -I../Drivers/CMSIS/Include -O0 -ffunction-sections -fdata-sections -Wall -fstack-usage -fcyclomatic-complexity -MMD -MP -MF"Drivers/STM32F4xx_HAL_Driver/Src/stm32f4xx_hal_cortex.d" -MT"Drivers/STM32F4xx_HAL_Driver/Src/stm32f4xx_hal_cortex.o" --specs=nano.specs -mfpu=fpv4-sp-d16 -mfloat-abi=hard -mthumb -o "Drivers/STM32F4xx_HAL_Driver/Src/stm32f4xx_hal_cortex.o"
arm-none-eabi-gcc "../Drivers/STM32F4xx_HAL_Driver/Src/stm32f4xx_hal_dma.c" -mcpu=cortex-m4 -std=gnu11 -g3 -DDEBUG -DUSE_HAL_DRIVER -DSTM32F446xx -c -I../Core/Inc -I../Drivers/STM32F4xx_HAL_Driver/Inc -I../Drivers/STM32F4xx_HAL_Driver/Inc/Legacy -I../Drivers/CMSIS/Device/ST/STM32F4xx/Include -I../Drivers/CMSIS/Include -O0 -ffunction-sections -fdata-sections -Wall -fstack-usage -fcyclomatic-complexity -MMD -MP -MF"Drivers/STM32F4xx_HAL_Driver/Src/stm32f4xx_hal_dma.d" -MT"Drivers/STM32F4xx_HAL_Driver/Src/stm32f4xx_hal_dma.o" --specs=nano.specs -mfpu=fpv4-sp-d16 -mfloat-abi=hard -mthumb -o "Drivers/STM32F4xx_HAL_Driver/Src/stm32f4xx_hal_dma.o"
arm-none-eabi-gcc "../Drivers/STM32F4xx_HAL_Driver/Src/stm32f4xx_hal_dma_ex.c" -mcpu=cortex-m4 -std=gnu11 -g3 -DDEBUG -DUSE_HAL_DRIVER -DSTM32F446xx -c -I../Core/Inc -I../Drivers/STM32F4xx_HAL_Driver/Inc -I../Drivers/STM32F4xx_HAL_Driver/Inc/Legacy -I../Drivers/CMSIS/Device/ST/STM32F4xx/Include -I../Drivers/CMSIS/Include -O0 -ffunction-sections -fdata-sections -Wall -fstack-usage -fcyclomatic-complexity -MMD -MP -MF"Drivers/STM32F4xx_HAL_Driver/Src/stm32f4xx_hal_dma_ex.d" -MT"Drivers/STM32F4xx_HAL_Driver/Src/stm32f4xx_hal_dma_ex.o" --specs=nano.specs -mfpu=fpv4-sp-d16 -mfloat-abi=hard -mthumb -o "Drivers/STM32F4xx_HAL_Driver/Src/stm32f4xx_hal_dma_ex.o"
arm-none-eabi-gcc "../Drivers/STM32F4xx_HAL_Driver/Src/stm32f4xx_hal_exti.c" -mcpu=cortex-m4 -std=gnu11 -g3 -DDEBUG -DUSE_HAL_DRIVER -DSTM32F446xx -c -I../Core/Inc -I../Drivers/STM32F4xx_HAL_Driver/Inc -I../Drivers/STM32F4xx_HAL_Driver/Inc/Legacy -I../Drivers/CMSIS/Device/ST/STM32F4xx/Include -I../Drivers/CMSIS/Include -O0 -ffunction-sections -fdata-sections -Wall -fstack-usage -fcyclomatic-complexity -MMD -MP -MF"Drivers/STM32F4xx_HAL_Driver/Src/stm32f4xx_hal_exti.d" -MT"Drivers/STM32F4xx_HAL_Driver/Src/stm32f4xx_hal_exti.o" --specs=nano.specs -mfpu=fpv4-sp-d16 -mfloat-abi=hard -mthumb -o "Drivers/STM32F4xx_HAL_Driver/Src/stm32f4xx_hal_exti.o"
arm-none-eabi-gcc "../Drivers/STM32F4xx_HAL_Driver/Src/stm32f4xx_hal_flash.c" -mcpu=cortex-m4 -std=gnu11 -g3 -DDEBUG -DUSE_HAL_DRIVER -DSTM32F446xx -c -I../Core/Inc -I../Drivers/STM32F4xx_HAL_Driver/Inc -I../Drivers/STM32F4xx_HAL_Driver/Inc/Legacy -I../Drivers/CMSIS/Device/ST/STM32F4xx/Include -I../Drivers/CMSIS/Include -O0 -ffunction-sections -fdata-sections -Wall -fstack-usage -fcyclomatic-complexity -MMD -MP -MF"Drivers/STM32F4xx_HAL_Driver/Src/stm32f4xx_hal_flash.d" -MT"Drivers/STM32F4xx_HAL_Driver/Src/stm32f4xx_hal_flash.o" --specs=nano.specs -mfpu=fpv4-sp-d16 -mfloat-abi=hard -mthumb -o "Drivers/STM32F4xx_HAL_Driver/Src/stm32f4xx_hal_flash.o"
arm-none-eabi-gcc "../Drivers/STM32F4xx_HAL_Driver/Src/stm32f4xx_hal_flash_ex.c" -mcpu=cortex-m4 -std=gnu11 -g3 -DDEBUG -DUSE_HAL_DRIVER -DSTM32F446xx -c -I../Core/Inc -I../Drivers/STM32F4xx_HAL_Driver/Inc -I../Drivers/STM32F4xx_HAL_Driver/Inc/Legacy -I../Drivers/CMSIS/Device/ST/STM32F4xx/Include -I../Drivers/CMSIS/Include -O0 -ffunction-sections -fdata-sections -Wall -fstack-usage -fcyclomatic-complexity -MMD -MP -MF"Drivers/STM32F4xx_HAL_Driver/Src/stm32f4xx_hal_flash_ex.d" -MT"Drivers/STM32F4xx_HAL_Driver/Src/stm32f4xx_hal_flash_ex.o" --specs=nano.specs -mfpu=fpv4-sp-d16 -mfloat-abi=hard -mthumb -o "Drivers/STM32F4xx_HAL_Driver/Src/stm32f4xx_hal_flash_ex.o"
arm-none-eabi-gcc "../Drivers/STM32F4xx_HAL_Driver/Src/stm32f4xx_hal_flash_ramfunc.c" -mcpu=cortex-m4 -std=gnu11 -g3 -DDEBUG -DUSE_HAL_DRIVER -DSTM32F446xx -c -I../Core/Inc -I../Drivers/STM32F4xx_HAL_Driver/Inc -I../Drivers/STM32F4xx_HAL_Driver/Inc/Legacy -I../Drivers/CMSIS/Device/ST/STM32F4xx/Include -I../Drivers/CMSIS/Include -O0 -ffunction-sections -fdata-sections -Wall -fstack-usage -fcyclomatic-complexity -MMD -MP -MF"Drivers/STM32F4xx_HAL_Driver/Src/stm32f4xx_hal_flash_ramfunc.d" -MT"Drivers/STM32F4xx_HAL_Driver/Src/stm32f4xx_hal_flash_ramfunc.o" --specs=nano.specs -mfpu=fpv4-sp-d16 -mfloat-abi=hard -mthumb -o "Drivers/STM32F4xx_HAL_Driver/Src/stm32f4xx_hal_flash_ramfunc.o"
arm-none-eabi-gcc "../Drivers/STM32F4xx_HAL_Driver/Src/stm32f4xx_hal_gpio.c" -mcpu=cortex-m4 -std=gnu11 -g3 -DDEBUG -DUSE_HAL_DRIVER -DSTM32F446xx -c -I../Core/Inc -I../Drivers/STM32F4xx_HAL_Driver/Inc -I../Drivers/STM32F4xx_HAL_Driver/Inc/Legacy -I../Drivers/CMSIS/Device/ST/STM32F4xx/Include -I../Drivers/CMSIS/Include -O0 -ffunction-sections -fdata-sections -Wall -fstack-usage -fcyclomatic-complexity -MMD -MP -MF"Drivers/STM32F4xx_HAL_Driver/Src/stm32f4xx_hal_gpio.d" -MT"Drivers/STM32F4xx_HAL_Driver/Src/stm32f4xx_hal_gpio.o" --specs=nano.specs -mfpu=fpv4-sp-d16 -mfloat-abi=hard -mthumb -o "Drivers/STM32F4xx_HAL_Driver/Src/stm32f4xx_hal_gpio.o"
arm-none-eabi-gcc "../Drivers/STM32F4xx_HAL_Driver/Src/stm32f4xx_hal_pwr.c" -mcpu=cortex-m4 -std=gnu11 -g3 -DDEBUG -DUSE_HAL_DRIVER -DSTM32F446xx -c -I../Core/Inc -I../Drivers/STM32F4xx_HAL_Driver/Inc -I../Drivers/STM32F4xx_HAL_Driver/Inc/Legacy -I../Drivers/CMSIS/Device/ST/STM32F4xx/Include -I../Drivers/CMSIS/Include -O0 -ffunction-sections -fdata-sections -Wall -fstack-usage -fcyclomatic-complexity -MMD -MP -MF"Drivers/STM32F4xx_HAL_Driver/Src/stm32f4xx_hal_pwr.d" -MT"Drivers/STM32F4xx_HAL_Driver/Src/stm32f4xx_hal_pwr.o" --specs=nano.specs -mfpu=fpv4-sp-d16 -mfloat-abi=hard -mthumb -o "Drivers/STM32F4xx_HAL_Driver/Src/stm32f4xx_hal_pwr.o"
arm-none-eabi-gcc "../Drivers/STM32F4xx_HAL_Driver/Src/stm32f4xx_hal_pwr_ex.c" -mcpu=cortex-m4 -std=gnu11 -g3 -DDEBUG -DUSE_HAL_DRIVER -DSTM32F446xx -c -I../Core/Inc -I../Drivers/STM32F4xx_HAL_Driver/Inc -I../Drivers/STM32F4xx_HAL_Driver/Inc/Legacy -I../Drivers/CMSIS/Device/ST/STM32F4xx/Include -I../Drivers/CMSIS/Include -O0 -ffunction-sections -fdata-sections -Wall -fstack-usage -fcyclomatic-complexity -MMD -MP -MF"Drivers/STM32F4xx_HAL_Driver/Src/stm32f4xx_hal_pwr_ex.d" -MT"Drivers/STM32F4xx_HAL_Driver/Src/stm32f4xx_hal_pwr_ex.o" --specs=nano.specs -mfpu=fpv4-sp-d16 -mfloat-abi=hard -mthumb -o "Drivers/STM32F4xx_HAL_Driver/Src/stm32f4xx_hal_pwr_ex.o"
arm-none-eabi-gcc "../Drivers/STM32F4xx_HAL_Driver/Src/stm32f4xx_hal_rcc.c" -mcpu=cortex-m4 -std=gnu11 -g3 -DDEBUG -DUSE_HAL_DRIVER -DSTM32F446xx -c -I../Core/Inc -I../Drivers/STM32F4xx_HAL_Driver/Inc -I../Drivers/STM32F4xx_HAL_Driver/Inc/Legacy -I../Drivers/CMSIS/Device/ST/STM32F4xx/Include -I../Drivers/CMSIS/Include -O0 -ffunction-sections -fdata-sections -Wall -fstack-usage -fcyclomatic-complexity -MMD -MP -MF"Drivers/STM32F4xx_HAL_Driver/Src/stm32f4xx_hal_rcc.d" -MT"Drivers/STM32F4xx_HAL_Driver/Src/stm32f4xx_hal_rcc.o" --specs=nano.specs -mfpu=fpv4-sp-d16 -mfloat-abi=hard -mthumb -o "Drivers/STM32F4xx_HAL_Driver/Src/stm32f4xx_hal_rcc.o"
arm-none-eabi-gcc "../Drivers/STM32F4xx_HAL_Driver/Src/stm32f4xx_hal_rcc_ex.c" -mcpu=cortex-m4 -std=gnu11 -g3 -DDEBUG -DUSE_HAL_DRIVER -DSTM32F446xx -c -I../Core/Inc -I../Drivers/STM32F4xx_HAL_Driver/Inc -I../Drivers/STM32F4xx_HAL_Driver/Inc/Legacy -I../Drivers/CMSIS/Device/ST/STM32F4xx/Include -I../Drivers/CMSIS/Include -O0 -ffunction-sections -fdata-sections -Wall -fstack-usage -fcyclomatic-complexity -MMD -MP -MF"Drivers/STM32F4xx_HAL_Driver/Src/stm32f4xx_hal_rcc_ex.d" -MT"Drivers/STM32F4xx_HAL_Driver/Src/stm32f4xx_hal_rcc_ex.o" --specs=nano.specs -mfpu=fpv4-sp-d16 -mfloat-abi=hard -mthumb -o "Drivers/STM32F4xx_HAL_Driver/Src/stm32f4xx_hal_rcc_ex.o"
arm-none-eabi-gcc "../Drivers/STM32F4xx_HAL_Driver/Src/stm32f4xx_hal_tim.c" -mcpu=cortex-m4 -std=gnu11 -g3 -DDEBUG -DUSE_HAL_DRIVER -DSTM32F446xx -c -I../Core/Inc -I../Drivers/STM32F4xx_HAL_Driver/Inc -I../Drivers/STM32F4xx_HAL_Driver/Inc/Legacy -I../Drivers/CMSIS/Device/ST/STM32F4xx/Include -I../Drivers/CMSIS/Include -O0 -ffunction-sections -fdata-sections -Wall -fstack-usage -fcyclomatic-complexity -MMD -MP -MF"Drivers/STM32F4xx_HAL_Driver/Src/stm32f4xx_hal_tim.d" -MT"Drivers/STM32F4xx_HAL_Driver/Src/stm32f4xx_hal_tim.o" --specs=nano.specs -mfpu=fpv4-sp-d16 -mfloat-abi=hard -mthumb -o "Drivers/STM32F4xx_HAL_Driver/Src/stm32f4xx_hal_tim.o"
arm-none-eabi-gcc "../Drivers/STM32F4xx_HAL_Driver/Src/stm32f4xx_hal_tim_ex.c" -mcpu=cortex-m4 -std=gnu11 -g3 -DDEBUG -DUSE_HAL_DRIVER -DSTM32F446xx -c -I../Core/Inc -I../Drivers/STM32F4xx_HAL_Driver/Inc -I../Drivers/STM32F4xx_HAL_Driver/Inc/Legacy -I../Drivers/CMSIS/Device/ST/STM32F4xx/Include -I../Drivers/CMSIS/Include -O0 -ffunction-sections -fdata-sections -Wall -fstack-usage -fcyclomatic-complexity -MMD -MP -MF"Drivers/STM32F4xx_HAL_Driver/Src/stm32f4xx_hal_tim_ex.d" -MT"Drivers/STM32F4xx_HAL_Driver/Src/stm32f4xx_hal_tim_ex.o" --specs=nano.specs -mfpu=fpv4-sp-d16 -mfloat-abi=hard -mthumb -o "Drivers/STM32F4xx_HAL_Driver/Src/stm32f4xx_hal_tim_ex.o"
arm-none-eabi-gcc "../Drivers/STM32F4xx_HAL_Driver/Src/stm32f4xx_hal_uart.c" -mcpu=cortex-m4 -std=gnu11 -g3 -DDEBUG -DUSE_HAL_DRIVER -DSTM32F446xx -c -I../Core/Inc -I../Drivers/STM32F4xx_HAL_Driver/Inc -I../Drivers/STM32F4xx_HAL_Driver/Inc/Legacy -I../Drivers/CMSIS/Device/ST/STM32F4xx/Include -I../Drivers/CMSIS/Include -O0 -ffunction-sections -fdata-sections -Wall -fstack-usage -fcyclomatic-complexity -MMD -MP -MF"Drivers/STM32F4xx_HAL_Driver/Src/stm32f4xx_hal_uart.d" -MT"Drivers/STM32F4xx_HAL_Driver/Src/stm32f4xx_hal_uart.o" --specs=nano.specs -mfpu=fpv4-sp-d16 -mfloat-abi=hard -mthumb -o "Drivers/STM32F4xx_HAL_Driver/Src/stm32f4xx_hal_uart.o"
arm-none-eabi-gcc -mcpu=cortex-m4 -g3 -DDEBUG -c -x assembler-with-cpp -MMD -MP -MF"Core/Startup/startup_stm32f446retx.d" -MT"Core/Startup/startup_stm32f446retx.o" --specs=nano.specs -mfpu=fpv4-sp-d16 -mfloat-abi=hard -mthumb -o "Core/Startup/startup_stm32f446retx.o" "../Core/Startup/startup_stm32f446retx.s"
arm-none-eabi-gcc "../Core/Src/main.c" -mcpu=cortex-m4 -std=gnu11 -g3 -DDEBUG -DUSE_HAL_DRIVER -DSTM32F446xx -c -I../Core/Inc -I../Drivers/STM32F4xx_HAL_Driver/Inc -I../Drivers/STM32F4xx_HAL_Driver/Inc/Legacy -I../Drivers/CMSIS/Device/ST/STM32F4xx/Include -I../Drivers/CMSIS/Include -O0 -ffunction-sections -fdata-sections -Wall -fstack-usage -fcyclomatic-complexity -MMD -MP -MF"Core/Src/main.d" -MT"Core/Src/main.o" --specs=nano.specs -mfpu=fpv4-sp-d16 -mfloat-abi=hard -mthumb -o "Core/Src/main.o"
arm-none-eabi-gcc "../Core/Src/stm32f4xx_hal_msp.c" -mcpu=cortex-m4 -std=gnu11 -g3 -DDEBUG -DUSE_HAL_DRIVER -DSTM32F446xx -c -I../Core/Inc -I../Drivers/STM32F4xx_HAL_Driver/Inc -I../Drivers/STM32F4xx_HAL_Driver/Inc/Legacy -I../Drivers/CMSIS/Device/ST/STM32F4xx/Include -I../Drivers/CMSIS/Include -O0 -ffunction-sections -fdata-sections -Wall -fstack-usage -fcyclomatic-complexity -MMD -MP -MF"Core/Src/stm32f4xx_hal_msp.d" -MT"Core/Src/stm32f4xx_hal_msp.o" --specs=nano.specs -mfpu=fpv4-sp-d16 -mfloat-abi=hard -mthumb -o "Core/Src/stm32f4xx_hal_msp.o"
arm-none-eabi-gcc "../Core/Src/stm32f4xx_it.c" -mcpu=cortex-m4 -std=gnu11 -g3 -DDEBUG -DUSE_HAL_DRIVER -DSTM32F446xx -c -I../Core/Inc -I../Drivers/STM32F4xx_HAL_Driver/Inc -I../Drivers/STM32F4xx_HAL_Driver/Inc/Legacy -I../Drivers/CMSIS/Device/ST/STM32F4xx/Include -I../Drivers/CMSIS/Include -O0 -ffunction-sections -fdata-sections -Wall -fstack-usage -fcyclomatic-complexity -MMD -MP -MF"Core/Src/stm32f4xx_it.d" -MT"Core/Src/stm32f4xx_it.o" --specs=nano.specs -mfpu=fpv4-sp-d16 -mfloat-abi=hard -mthumb -o "Core/Src/stm32f4xx_it.o"
arm-none-eabi-gcc "../Core/Src/syscalls.c" -mcpu=cortex-m4 -std=gnu11 -g3 -DDEBUG -DUSE_HAL_DRIVER -DSTM32F446xx -c -I../Core/Inc -I../Drivers/STM32F4xx_HAL_Driver/Inc -I../Drivers/STM32F4xx_HAL_Driver/Inc/Legacy -I../Drivers/CMSIS/Device/ST/STM32F4xx/Include -I../Drivers/CMSIS/Include -O0 -ffunction-sections -fdata-sections -Wall -fstack-usage -fcyclomatic-complexity -MMD -MP -MF"Core/Src/syscalls.d" -MT"Core/Src/syscalls.o" --specs=nano.specs -mfpu=fpv4-sp-d16 -mfloat-abi=hard -mthumb -o "Core/Src/syscalls.o"
arm-none-eabi-gcc "../Core/Src/sysmem.c" -mcpu=cortex-m4 -std=gnu11 -g3 -DDEBUG -DUSE_HAL_DRIVER -DSTM32F446xx -c -I../Core/Inc -I../Drivers/STM32F4xx_HAL_Driver/Inc -I../Drivers/STM32F4xx_HAL_Driver/Inc/Legacy -I../Drivers/CMSIS/Device/ST/STM32F4xx/Include -I../Drivers/CMSIS/Include -O0 -ffunction-sections -fdata-sections -Wall -fstack-usage -fcyclomatic-complexity -MMD -MP -MF"Core/Src/sysmem.d" -MT"Core/Src/sysmem.o" --specs=nano.specs -mfpu=fpv4-sp-d16 -mfloat-abi=hard -mthumb -o "Core/Src/sysmem.o"
arm-none-eabi-gcc "../Core/Src/system_stm32f4xx.c" -mcpu=cortex-m4 -std=gnu11 -g3 -DDEBUG -DUSE_HAL_DRIVER -DSTM32F446xx -c -I../Core/Inc -I../Drivers/STM32F4xx_HAL_Driver/Inc -I../Drivers/STM32F4xx_HAL_Driver/Inc/Legacy -I../Drivers/CMSIS/Device/ST/STM32F4xx/Include -I../Drivers/CMSIS/Include -O0 -ffunction-sections -fdata-sections -Wall -fstack-usage -fcyclomatic-complexity -MMD -MP -MF"Core/Src/system_stm32f4xx.d" -MT"Core/Src/system_stm32f4xx.o" --specs=nano.specs -mfpu=fpv4-sp-d16 -mfloat-abi=hard -mthumb -o "Core/Src/system_stm32f4xx.o"
arm-none-eabi-gcc -o "01-GPIO_Playground.elf" @"objects.list"   -mcpu=cortex-m4 -T"C:\Users\madhi\Documents\GitHub\STM32-Learning\01-GPIO_Playground\STM32F446RETX_FLASH.ld" --specs=nosys.specs -Wl,-Map="01-GPIO_Playground.map" -Wl,--gc-sections -static --specs=nano.specs -mfpu=fpv4-sp-d16 -mfloat-abi=hard -mthumb -Wl,--start-group -lc -lm -Wl,--end-group
Finished building target: 01-GPIO_Playground.elf
 
arm-none-eabi-size  01-GPIO_Playground.elf 
arm-none-eabi-objdump -h -S 01-GPIO_Playground.elf  > "01-GPIO_Playground.list"
   text	   data	    bss	    dec	    hex	filename
   8448	     12	   1644	  10104	   2778	01-GPIO_Playground.elf
Finished building: default.size.stdout
 
Finished building: 01-GPIO_Playground.list
 
11:59:06 **** Incremental Build of configuration Debug for project 01-GPIO_Playground ****
make -j8 all 
arm-none-eabi-gcc "../Core/Src/main.c" -mcpu=cortex-m4 -std=gnu11 -g3 -DDEBUG -DUSE_HAL_DRIVER -DSTM32F446xx -c -I../Core/Inc -I../Drivers/STM32F4xx_HAL_Driver/Inc -I../Drivers/STM32F4xx_HAL_Driver/Inc/Legacy -I../Drivers/CMSIS/Device/ST/STM32F4xx/Include -I../Drivers/CMSIS/Include -O0 -ffunction-sections -fdata-sections -Wall -fstack-usage -fcyclomatic-complexity -MMD -MP -MF"Core/Src/main.d" -MT"Core/Src/main.o" --specs=nano.specs -mfpu=fpv4-sp-d16 -mfloat-abi=hard -mthumb -o "Core/Src/main.o"
../Core/Src/main.c: In function 'main':
../Core/Src/main.c:111:36: error: 'GPIO_PIN0' undeclared (first use in this function); did you mean 'GPIO_PIN_0'?
  111 |           HAL_GPIO_WritePin(GPIOC, GPIO_PIN0, PINSET)
      |                                    ^~~~~~~~~
      |                                    GPIO_PIN_0
../Core/Src/main.c:111:36: note: each undeclared identifier is reported only once for each function it appears in
../Core/Src/main.c:111:47: error: 'PINSET' undeclared (first use in this function)
  111 |           HAL_GPIO_WritePin(GPIOC, GPIO_PIN0, PINSET)
      |                                               ^~~~~~
../Core/Src/main.c:111:54: error: expected ';' before '}' token
  111 |           HAL_GPIO_WritePin(GPIOC, GPIO_PIN0, PINSET)
      |                                                      ^
      |                                                      ;
......
  115 |   }
      |   ~                                                   
make: *** [Core/Src/subdir.mk:34: Core/Src/main.o] Error 1
"make -j8 all" terminated with exit code 2. Build might be incomplete.
11:59:33 **** Incremental Build of configuration Debug for project 01-GPIO_Playground ****
make -j8 all 
arm-none-eabi-gcc "../Core/Src/main.c" -mcpu=cortex-m4 -std=gnu11 -g3 -DDEBUG -DUSE_HAL_DRIVER -DSTM32F446xx -c -I../Core/Inc -I../Drivers/STM32F4xx_HAL_Driver/Inc -I../Drivers/STM32F4xx_HAL_Driver/Inc/Legacy -I../Drivers/CMSIS/Device/ST/STM32F4xx/Include -I../Drivers/CMSIS/Include -O0 -ffunction-sections -fdata-sections -Wall -fstack-usage -fcyclomatic-complexity -MMD -MP -MF"Core/Src/main.d" -MT"Core/Src/main.o" --specs=nano.specs -mfpu=fpv4-sp-d16 -mfloat-abi=hard -mthumb -o "Core/Src/main.o"
../Core/Src/main.c: In function 'main':
../Core/Src/main.c:111:36: error: 'GPIO_PIN0' undeclared (first use in this function); did you mean 'GPIO_PIN_0'?
  111 |           HAL_GPIO_WritePin(GPIOC, GPIO_PIN0, PINSET);
      |                                    ^~~~~~~~~
      |                                    GPIO_PIN_0
../Core/Src/main.c:111:36: note: each undeclared identifier is reported only once for each function it appears in
../Core/Src/main.c:111:47: error: 'PINSET' undeclared (first use in this function)
  111 |           HAL_GPIO_WritePin(GPIOC, GPIO_PIN0, PINSET);
      |                                               ^~~~~~
make: *** [Core/Src/subdir.mk:34: Core/Src/main.o] Error 1
"make -j8 all" terminated with exit code 2. Build might be incomplete.
11:59:48 **** Incremental Build of configuration Debug for project 01-GPIO_Playground ****
make -j8 all 
arm-none-eabi-gcc "../Core/Src/main.c" -mcpu=cortex-m4 -std=gnu11 -g3 -DDEBUG -DUSE_HAL_DRIVER -DSTM32F446xx -c -I../Core/Inc -I../Drivers/STM32F4xx_HAL_Driver/Inc -I../Drivers/STM32F4xx_HAL_Driver/Inc/Legacy -I../Drivers/CMSIS/Device/ST/STM32F4xx/Include -I../Drivers/CMSIS/Include -O0 -ffunction-sections -fdata-sections -Wall -fstack-usage -fcyclomatic-complexity -MMD -MP -MF"Core/Src/main.d" -MT"Core/Src/main.o" --specs=nano.specs -mfpu=fpv4-sp-d16 -mfloat-abi=hard -mthumb -o "Core/Src/main.o"
../Core/Src/main.c: In function 'main':
../Core/Src/main.c:111:36: error: 'GPIO_PIN0' undeclared (first use in this function); did you mean 'GPIO_PIN_0'?
  111 |           HAL_GPIO_WritePin(GPIOC, GPIO_PIN0, SET);
      |                                    ^~~~~~~~~
      |                                    GPIO_PIN_0
../Core/Src/main.c:111:36: note: each undeclared identifier is reported only once for each function it appears in
make: *** [Core/Src/subdir.mk:34: Core/Src/main.o] Error 1
"make -j8 all" terminated with exit code 2. Build might be incomplete.
12:00:05 **** Incremental Build of configuration Debug for project 01-GPIO_Playground ****
make -j8 all 
arm-none-eabi-gcc "../Core/Src/main.c" -mcpu=cortex-m4 -std=gnu11 -g3 -DDEBUG -DUSE_HAL_DRIVER -DSTM32F446xx -c -I../Core/Inc -I../Drivers/STM32F4xx_HAL_Driver/Inc -I../Drivers/STM32F4xx_HAL_Driver/Inc/Legacy -I../Drivers/CMSIS/Device/ST/STM32F4xx/Include -I../Drivers/CMSIS/Include -O0 -ffunction-sections -fdata-sections -Wall -fstack-usage -fcyclomatic-complexity -MMD -MP -MF"Core/Src/main.d" -MT"Core/Src/main.o" --specs=nano.specs -mfpu=fpv4-sp-d16 -mfloat-abi=hard -mthumb -o "Core/Src/main.o"
arm-none-eabi-gcc -o "01-GPIO_Playground.elf" @"objects.list"   -mcpu=cortex-m4 -T"C:\Users\madhi\Documents\GitHub\STM32-Learning\01-GPIO_Playground\STM32F446RETX_FLASH.ld" --specs=nosys.specs -Wl,-Map="01-GPIO_Playground.map" -Wl,--gc-sections -static --specs=nano.specs -mfpu=fpv4-sp-d16 -mfloat-abi=hard -mthumb -Wl,--start-group -lc -lm -Wl,--end-group
Finished building target: 01-GPIO_Playground.elf
 
arm-none-eabi-size  01-GPIO_Playground.elf 
arm-none-eabi-objdump -h -S 01-GPIO_Playground.elf  > "01-GPIO_Playground.list"
   text	   data	    bss	    dec	    hex	filename
   8460	     12	   1644	  10116	   2784	01-GPIO_Playground.elf
Finished building: default.size.stdout
 
Finished building: 01-GPIO_Playground.list
 
12:00:43 **** Incremental Build of configuration Debug for project 01-GPIO_Playground ****
make -j8 all 
arm-none-eabi-gcc "../Core/Src/main.c" -mcpu=cortex-m4 -std=gnu11 -g3 -DDEBUG -DUSE_HAL_DRIVER -DSTM32F446xx -c -I../Core/Inc -I../Drivers/STM32F4xx_HAL_Driver/Inc -I../Drivers/STM32F4xx_HAL_Driver/Inc/Legacy -I../Drivers/CMSIS/Device/ST/STM32F4xx/Include -I../Drivers/CMSIS/Include -O0 -ffunction-sections -fdata-sections -Wall -fstack-usage -fcyclomatic-complexity -MMD -MP -MF"Core/Src/main.d" -MT"Core/Src/main.o" --specs=nano.specs -mfpu=fpv4-sp-d16 -mfloat-abi=hard -mthumb -o "Core/Src/main.o"
arm-none-eabi-gcc -o "01-GPIO_Playground.elf" @"objects.list"   -mcpu=cortex-m4 -T"C:\Users\madhi\Documents\GitHub\STM32-Learning\01-GPIO_Playground\STM32F446RETX_FLASH.ld" --specs=nosys.specs -Wl,-Map="01-GPIO_Playground.map" -Wl,--gc-sections -static --specs=nano.specs -mfpu=fpv4-sp-d16 -mfloat-abi=hard -mthumb -Wl,--start-group -lc -lm -Wl,--end-group
Finished building target: 01-GPIO_Playground.elf
 
arm-none-eabi-size  01-GPIO_Playground.elf 
arm-none-eabi-objdump -h -S 01-GPIO_Playground.elf  > "01-GPIO_Playground.list"
   text	   data	    bss	    dec	    hex	filename
   8544	     12	   1644	  10200	   27d8	01-GPIO_Playground.elf
Finished building: default.size.stdout
 
Finished building: 01-GPIO_Playground.list
 
12:04:42 **** Incremental Build of configuration Debug for project 01-GPIO_Playground ****
make -j8 all 
arm-none-eabi-gcc "../Core/Src/main.c" -mcpu=cortex-m4 -std=gnu11 -g3 -DDEBUG -DUSE_HAL_DRIVER -DSTM32F446xx -c -I../Core/Inc -I../Drivers/STM32F4xx_HAL_Driver/Inc -I../Drivers/STM32F4xx_HAL_Driver/Inc/Legacy -I../Drivers/CMSIS/Device/ST/STM32F4xx/Include -I../Drivers/CMSIS/Include -O0 -ffunction-sections -fdata-sections -Wall -fstack-usage -fcyclomatic-complexity -MMD -MP -MF"Core/Src/main.d" -MT"Core/Src/main.o" --specs=nano.specs -mfpu=fpv4-sp-d16 -mfloat-abi=hard -mthumb -o "Core/Src/main.o"
../Core/Src/main.c: In function 'main':
../Core/Src/main.c:115:11: warning: implicit declaration of function 'HAL_DELAY'; did you mean 'HAL_Delay'? [-Wimplicit-function-declaration]
  115 |           HAL_DELAY(1000);
      |           ^~~~~~~~~
      |           HAL_Delay
arm-none-eabi-gcc -o "01-GPIO_Playground.elf" @"objects.list"   -mcpu=cortex-m4 -T"C:\Users\madhi\Documents\GitHub\STM32-Learning\01-GPIO_Playground\STM32F446RETX_FLASH.ld" --specs=nosys.specs -Wl,-Map="01-GPIO_Playground.map" -Wl,--gc-sections -static --specs=nano.specs -mfpu=fpv4-sp-d16 -mfloat-abi=hard -mthumb -Wl,--start-group -lc -lm -Wl,--end-group
C:/ST/STM32CubeIDE_1.15.1/STM32CubeIDE/plugins/com.st.stm32cube.ide.mcu.externaltools.gnu-tools-for-stm32.12.3.rel1.win32_1.0.100.202403111256/tools/bin/../lib/gcc/arm-none-eabi/12.3.1/../../../../arm-none-eabi/bin/ld.exe: ./Core/Src/main.o: in function `main':
C:/Users/madhi/Documents/GitHub/STM32-Learning/01-GPIO_Playground/Debug/../Core/Src/main.c:115: undefined reference to `HAL_DELAY'
C:/ST/STM32CubeIDE_1.15.1/STM32CubeIDE/plugins/com.st.stm32cube.ide.mcu.externaltools.gnu-tools-for-stm32.12.3.rel1.win32_1.0.100.202403111256/tools/bin/../lib/gcc/arm-none-eabi/12.3.1/../../../../arm-none-eabi/bin/ld.exe: C:/Users/madhi/Documents/GitHub/STM32-Learning/01-GPIO_Playground/Debug/../Core/Src/main.c:118: undefined reference to `HAL_DELAY'
C:/ST/STM32CubeIDE_1.15.1/STM32CubeIDE/plugins/com.st.stm32cube.ide.mcu.externaltools.gnu-tools-for-stm32.12.3.rel1.win32_1.0.100.202403111256/tools/bin/../lib/gcc/arm-none-eabi/12.3.1/../../../../arm-none-eabi/bin/ld.exe: C:/Users/madhi/Documents/GitHub/STM32-Learning/01-GPIO_Playground/Debug/../Core/Src/main.c:121: undefined reference to `HAL_DELAY'
collect2.exe: error: ld returned 1 exit status
make: *** [makefile:64: 01-GPIO_Playground.elf] Error 1
"make -j8 all" terminated with exit code 2. Build might be incomplete.
12:05:12 **** Incremental Build of configuration Debug for project 01-GPIO_Playground ****
make -j8 all 
arm-none-eabi-gcc "../Core/Src/main.c" -mcpu=cortex-m4 -std=gnu11 -g3 -DDEBUG -DUSE_HAL_DRIVER -DSTM32F446xx -c -I../Core/Inc -I../Drivers/STM32F4xx_HAL_Driver/Inc -I../Drivers/STM32F4xx_HAL_Driver/Inc/Legacy -I../Drivers/CMSIS/Device/ST/STM32F4xx/Include -I../Drivers/CMSIS/Include -O0 -ffunction-sections -fdata-sections -Wall -fstack-usage -fcyclomatic-complexity -MMD -MP -MF"Core/Src/main.d" -MT"Core/Src/main.o" --specs=nano.specs -mfpu=fpv4-sp-d16 -mfloat-abi=hard -mthumb -o "Core/Src/main.o"
arm-none-eabi-gcc -o "01-GPIO_Playground.elf" @"objects.list"   -mcpu=cortex-m4 -T"C:\Users\madhi\Documents\GitHub\STM32-Learning\01-GPIO_Playground\STM32F446RETX_FLASH.ld" --specs=nosys.specs -Wl,-Map="01-GPIO_Playground.map" -Wl,--gc-sections -static --specs=nano.specs -mfpu=fpv4-sp-d16 -mfloat-abi=hard -mthumb -Wl,--start-group -lc -lm -Wl,--end-group
Finished building target: 01-GPIO_Playground.elf
 
arm-none-eabi-size  01-GPIO_Playground.elf 
arm-none-eabi-objdump -h -S 01-GPIO_Playground.elf  > "01-GPIO_Playground.list"
   text	   data	    bss	    dec	    hex	filename
   8636	     12	   1644	  10292	   2834	01-GPIO_Playground.elf
Finished building: default.size.stdout
 
Finished building: 01-GPIO_Playground.list
 
12:06:09 **** Incremental Build of configuration Debug for project 01-GPIO_Playground ****
make -j8 all 
arm-none-eabi-size  01-GPIO_Playground.elf 
   text	   data	    bss	    dec	    hex	filename
   8636	     12	   1644	  10292	   2834	01-GPIO_Playground.elf
Finished building: default.size.stdout
 
13:10:37 **** Incremental Build of configuration Debug for project 01-GPIO_Playground ****
make -j8 all 
arm-none-eabi-gcc "../Core/Src/main.c" -mcpu=cortex-m4 -std=gnu11 -g3 -DDEBUG -DUSE_HAL_DRIVER -DSTM32F446xx -c -I../Core/Inc -I../Drivers/STM32F4xx_HAL_Driver/Inc -I../Drivers/STM32F4xx_HAL_Driver/Inc/Legacy -I../Drivers/CMSIS/Device/ST/STM32F4xx/Include -I../Drivers/CMSIS/Include -O0 -ffunction-sections -fdata-sections -Wall -fstack-usage -fcyclomatic-complexity -MMD -MP -MF"Core/Src/main.d" -MT"Core/Src/main.o" --specs=nano.specs -mfpu=fpv4-sp-d16 -mfloat-abi=hard -mthumb -o "Core/Src/main.o"
arm-none-eabi-gcc -o "01-GPIO_Playground.elf" @"objects.list"   -mcpu=cortex-m4 -T"C:\Users\madhi\Documents\GitHub\STM32-Learning\01-GPIO_Playground\STM32F446RETX_FLASH.ld" --specs=nosys.specs -Wl,-Map="01-GPIO_Playground.map" -Wl,--gc-sections -static --specs=nano.specs -mfpu=fpv4-sp-d16 -mfloat-abi=hard -mthumb -Wl,--start-group -lc -lm -Wl,--end-group
Finished building target: 01-GPIO_Playground.elf
 
arm-none-eabi-size  01-GPIO_Playground.elf 
arm-none-eabi-objdump -h -S 01-GPIO_Playground.elf  > "01-GPIO_Playground.list"
   text	   data	    bss	    dec	    hex	filename
   8636	     12	   1644	  10292	   2834	01-GPIO_Playground.elf
Finished building: default.size.stdout
 
Finished building: 01-GPIO_Playground.list
 
13:11:54 **** Incremental Build of configuration Debug for project 01-GPIO_Playground ****
make -j8 all 
arm-none-eabi-gcc "../Core/Src/main.c" -mcpu=cortex-m4 -std=gnu11 -g3 -DDEBUG -DUSE_HAL_DRIVER -DSTM32F446xx -c -I../Core/Inc -I../Drivers/STM32F4xx_HAL_Driver/Inc -I../Drivers/STM32F4xx_HAL_Driver/Inc/Legacy -I../Drivers/CMSIS/Device/ST/STM32F4xx/Include -I../Drivers/CMSIS/Include -O0 -ffunction-sections -fdata-sections -Wall -fstack-usage -fcyclomatic-complexity -MMD -MP -MF"Core/Src/main.d" -MT"Core/Src/main.o" --specs=nano.specs -mfpu=fpv4-sp-d16 -mfloat-abi=hard -mthumb -o "Core/Src/main.o"
arm-none-eabi-gcc -o "01-GPIO_Playground.elf" @"objects.list"   -mcpu=cortex-m4 -T"C:\Users\madhi\Documents\GitHub\STM32-Learning\01-GPIO_Playground\STM32F446RETX_FLASH.ld" --specs=nosys.specs -Wl,-Map="01-GPIO_Playground.map" -Wl,--gc-sections -static --specs=nano.specs -mfpu=fpv4-sp-d16 -mfloat-abi=hard -mthumb -Wl,--start-group -lc -lm -Wl,--end-group
Finished building target: 01-GPIO_Playground.elf
 
arm-none-eabi-size  01-GPIO_Playground.elf 
arm-none-eabi-objdump -h -S 01-GPIO_Playground.elf  > "01-GPIO_Playground.list"
   text	   data	    bss	    dec	    hex	filename
   8748	     12	   1644	  10404	   28a4	01-GPIO_Playground.elf
Finished building: default.size.stdout
 
Finished building: 01-GPIO_Playground.list
 
13:12:04 **** Incremental Build of configuration Debug for project 01-GPIO_Playground ****
make -j8 all 
arm-none-eabi-size  01-GPIO_Playground.elf 
   text	   data	    bss	    dec	    hex	filename
   8748	     12	   1644	  10404	   28a4	01-GPIO_Playground.elf
Finished building: default.size.stdout
 
13:23:49 **** Incremental Build of configuration Debug for project 01-GPIO_Playground ****
make -j8 all 
arm-none-eabi-gcc "../Core/Src/main.c" -mcpu=cortex-m4 -std=gnu11 -g3 -DDEBUG -DUSE_HAL_DRIVER -DSTM32F446xx -c -I../Core/Inc -I../Drivers/STM32F4xx_HAL_Driver/Inc -I../Drivers/STM32F4xx_HAL_Driver/Inc/Legacy -I../Drivers/CMSIS/Device/ST/STM32F4xx/Include -I../Drivers/CMSIS/Include -O0 -ffunction-sections -fdata-sections -Wall -fstack-usage -fcyclomatic-complexity -MMD -MP -MF"Core/Src/main.d" -MT"Core/Src/main.o" --specs=nano.specs -mfpu=fpv4-sp-d16 -mfloat-abi=hard -mthumb -o "Core/Src/main.o"
../Core/Src/main.c: In function 'main':
../Core/Src/main.c:81:3: error: unknown type name 'uint'; did you mean 'int'?
   81 |   uint temp=0;
      |   ^~~~
      |   int
../Core/Src/main.c:137:12: error: 'GPIO' undeclared (first use in this function); did you mean 'GPIOH'?
  137 |            GPIO->ODR=(GPIOA->DOR & ~0x00FF)| temp;
      |            ^~~~
      |            GPIOH
../Core/Src/main.c:137:12: note: each undeclared identifier is reported only once for each function it appears in
../Core/Src/main.c:137:30: error: 'GPIO_TypeDef' has no member named 'DOR'; did you mean 'ODR'?
  137 |            GPIO->ODR=(GPIOA->DOR & ~0x00FF)| temp;
      |                              ^~~
      |                              ODR
make: *** [Core/Src/subdir.mk:34: Core/Src/main.o] Error 1
"make -j8 all" terminated with exit code 2. Build might be incomplete.
13:24:07 **** Incremental Build of configuration Debug for project 01-GPIO_Playground ****
make -j8 all 
arm-none-eabi-gcc "../Core/Src/main.c" -mcpu=cortex-m4 -std=gnu11 -g3 -DDEBUG -DUSE_HAL_DRIVER -DSTM32F446xx -c -I../Core/Inc -I../Drivers/STM32F4xx_HAL_Driver/Inc -I../Drivers/STM32F4xx_HAL_Driver/Inc/Legacy -I../Drivers/CMSIS/Device/ST/STM32F4xx/Include -I../Drivers/CMSIS/Include -O0 -ffunction-sections -fdata-sections -Wall -fstack-usage -fcyclomatic-complexity -MMD -MP -MF"Core/Src/main.d" -MT"Core/Src/main.o" --specs=nano.specs -mfpu=fpv4-sp-d16 -mfloat-abi=hard -mthumb -o "Core/Src/main.o"
../Core/Src/main.c: In function 'main':
../Core/Src/main.c:81:3: error: unknown type name 'uint'; did you mean 'int'?
   81 |   uint temp=0;
      |   ^~~~
      |   int
../Core/Src/main.c:137:12: error: 'GPIO' undeclared (first use in this function); did you mean 'GPIOH'?
  137 |            GPIO->ODR=(GPIOA->ODR & ~0x00FF)| temp;
      |            ^~~~
      |            GPIOH
../Core/Src/main.c:137:12: note: each undeclared identifier is reported only once for each function it appears in
make: *** [Core/Src/subdir.mk:34: Core/Src/main.o] Error 1
"make -j8 all" terminated with exit code 2. Build might be incomplete.
13:24:24 **** Incremental Build of configuration Debug for project 01-GPIO_Playground ****
make -j8 all 
arm-none-eabi-gcc "../Core/Src/main.c" -mcpu=cortex-m4 -std=gnu11 -g3 -DDEBUG -DUSE_HAL_DRIVER -DSTM32F446xx -c -I../Core/Inc -I../Drivers/STM32F4xx_HAL_Driver/Inc -I../Drivers/STM32F4xx_HAL_Driver/Inc/Legacy -I../Drivers/CMSIS/Device/ST/STM32F4xx/Include -I../Drivers/CMSIS/Include -O0 -ffunction-sections -fdata-sections -Wall -fstack-usage -fcyclomatic-complexity -MMD -MP -MF"Core/Src/main.d" -MT"Core/Src/main.o" --specs=nano.specs -mfpu=fpv4-sp-d16 -mfloat-abi=hard -mthumb -o "Core/Src/main.o"
../Core/Src/main.c: In function 'main':
../Core/Src/main.c:81:3: error: unknown type name 'uint'; did you mean 'int'?
   81 |   uint temp=0;
      |   ^~~~
      |   int
../Core/Src/main.c:137:12: error: 'GPIO' undeclared (first use in this function); did you mean 'GPIOH'?
  137 |            GPIO->ODR=(GPIOC->ODR & ~0x00FF)| temp;
      |            ^~~~
      |            GPIOH
../Core/Src/main.c:137:12: note: each undeclared identifier is reported only once for each function it appears in
make: *** [Core/Src/subdir.mk:34: Core/Src/main.o] Error 1
"make -j8 all" terminated with exit code 2. Build might be incomplete.
13:25:01 **** Incremental Build of configuration Debug for project 01-GPIO_Playground ****
make -j8 all 
arm-none-eabi-gcc "../Core/Src/main.c" -mcpu=cortex-m4 -std=gnu11 -g3 -DDEBUG -DUSE_HAL_DRIVER -DSTM32F446xx -c -I../Core/Inc -I../Drivers/STM32F4xx_HAL_Driver/Inc -I../Drivers/STM32F4xx_HAL_Driver/Inc/Legacy -I../Drivers/CMSIS/Device/ST/STM32F4xx/Include -I../Drivers/CMSIS/Include -O0 -ffunction-sections -fdata-sections -Wall -fstack-usage -fcyclomatic-complexity -MMD -MP -MF"Core/Src/main.d" -MT"Core/Src/main.o" --specs=nano.specs -mfpu=fpv4-sp-d16 -mfloat-abi=hard -mthumb -o "Core/Src/main.o"
../Core/Src/main.c: In function 'main':
../Core/Src/main.c:81:3: error: unknown type name 'uint'; did you mean 'int'?
   81 |   uint temp=0;
      |   ^~~~
      |   int
make: *** [Core/Src/subdir.mk:34: Core/Src/main.o] Error 1
"make -j8 all" terminated with exit code 2. Build might be incomplete.
13:25:21 **** Incremental Build of configuration Debug for project 01-GPIO_Playground ****
make -j8 all 
arm-none-eabi-gcc "../Core/Src/main.c" -mcpu=cortex-m4 -std=gnu11 -g3 -DDEBUG -DUSE_HAL_DRIVER -DSTM32F446xx -c -I../Core/Inc -I../Drivers/STM32F4xx_HAL_Driver/Inc -I../Drivers/STM32F4xx_HAL_Driver/Inc/Legacy -I../Drivers/CMSIS/Device/ST/STM32F4xx/Include -I../Drivers/CMSIS/Include -O0 -ffunction-sections -fdata-sections -Wall -fstack-usage -fcyclomatic-complexity -MMD -MP -MF"Core/Src/main.d" -MT"Core/Src/main.o" --specs=nano.specs -mfpu=fpv4-sp-d16 -mfloat-abi=hard -mthumb -o "Core/Src/main.o"
arm-none-eabi-gcc -o "01-GPIO_Playground.elf" @"objects.list"   -mcpu=cortex-m4 -T"C:\Users\madhi\Documents\GitHub\STM32-Learning\01-GPIO_Playground\STM32F446RETX_FLASH.ld" --specs=nosys.specs -Wl,-Map="01-GPIO_Playground.map" -Wl,--gc-sections -static --specs=nano.specs -mfpu=fpv4-sp-d16 -mfloat-abi=hard -mthumb -Wl,--start-group -lc -lm -Wl,--end-group
Finished building target: 01-GPIO_Playground.elf
 
arm-none-eabi-size  01-GPIO_Playground.elf 
arm-none-eabi-objdump -h -S 01-GPIO_Playground.elf  > "01-GPIO_Playground.list"
   text	   data	    bss	    dec	    hex	filename
   8472	     12	   1644	  10128	   2790	01-GPIO_Playground.elf
Finished building: default.size.stdout
 
Finished building: 01-GPIO_Playground.list
 
13:29:36 **** Incremental Build of configuration Debug for project 01-GPIO_Playground ****
make -j8 all 
arm-none-eabi-gcc "../Core/Src/main.c" -mcpu=cortex-m4 -std=gnu11 -g3 -DDEBUG -DUSE_HAL_DRIVER -DSTM32F446xx -c -I../Core/Inc -I../Drivers/STM32F4xx_HAL_Driver/Inc -I../Drivers/STM32F4xx_HAL_Driver/Inc/Legacy -I../Drivers/CMSIS/Device/ST/STM32F4xx/Include -I../Drivers/CMSIS/Include -O0 -ffunction-sections -fdata-sections -Wall -fstack-usage -fcyclomatic-complexity -MMD -MP -MF"Core/Src/main.d" -MT"Core/Src/main.o" --specs=nano.specs -mfpu=fpv4-sp-d16 -mfloat-abi=hard -mthumb -o "Core/Src/main.o"
arm-none-eabi-gcc -o "01-GPIO_Playground.elf" @"objects.list"   -mcpu=cortex-m4 -T"C:\Users\madhi\Documents\GitHub\STM32-Learning\01-GPIO_Playground\STM32F446RETX_FLASH.ld" --specs=nosys.specs -Wl,-Map="01-GPIO_Playground.map" -Wl,--gc-sections -static --specs=nano.specs -mfpu=fpv4-sp-d16 -mfloat-abi=hard -mthumb -Wl,--start-group -lc -lm -Wl,--end-group
Finished building target: 01-GPIO_Playground.elf
 
arm-none-eabi-size  01-GPIO_Playground.elf 
arm-none-eabi-objdump -h -S 01-GPIO_Playground.elf  > "01-GPIO_Playground.list"
   text	   data	    bss	    dec	    hex	filename
   8596	     12	   1644	  10252	   280c	01-GPIO_Playground.elf
Finished building: default.size.stdout
 
Finished building: 01-GPIO_Playground.list
 
13:29:53 **** Incremental Build of configuration Debug for project 01-GPIO_Playground ****
make -j8 all 
arm-none-eabi-size  01-GPIO_Playground.elf 
   text	   data	    bss	    dec	    hex	filename
   8596	     12	   1644	  10252	   280c	01-GPIO_Playground.elf
Finished building: default.size.stdout
 
13:30:55 **** Incremental Build of configuration Debug for project 01-GPIO_Playground ****
make -j8 all 
arm-none-eabi-gcc "../Core/Src/main.c" -mcpu=cortex-m4 -std=gnu11 -g3 -DDEBUG -DUSE_HAL_DRIVER -DSTM32F446xx -c -I../Core/Inc -I../Drivers/STM32F4xx_HAL_Driver/Inc -I../Drivers/STM32F4xx_HAL_Driver/Inc/Legacy -I../Drivers/CMSIS/Device/ST/STM32F4xx/Include -I../Drivers/CMSIS/Include -O0 -ffunction-sections -fdata-sections -Wall -fstack-usage -fcyclomatic-complexity -MMD -MP -MF"Core/Src/main.d" -MT"Core/Src/main.o" --specs=nano.specs -mfpu=fpv4-sp-d16 -mfloat-abi=hard -mthumb -o "Core/Src/main.o"
arm-none-eabi-gcc -o "01-GPIO_Playground.elf" @"objects.list"   -mcpu=cortex-m4 -T"C:\Users\madhi\Documents\GitHub\STM32-Learning\01-GPIO_Playground\STM32F446RETX_FLASH.ld" --specs=nosys.specs -Wl,-Map="01-GPIO_Playground.map" -Wl,--gc-sections -static --specs=nano.specs -mfpu=fpv4-sp-d16 -mfloat-abi=hard -mthumb -Wl,--start-group -lc -lm -Wl,--end-group
Finished building target: 01-GPIO_Playground.elf
 
arm-none-eabi-size  01-GPIO_Playground.elf 
arm-none-eabi-objdump -h -S 01-GPIO_Playground.elf  > "01-GPIO_Playground.list"
   text	   data	    bss	    dec	    hex	filename
   8596	     12	   1644	  10252	   280c	01-GPIO_Playground.elf
Finished building: default.size.stdout
 
Finished building: 01-GPIO_Playground.list
 
13:31:04 **** Incremental Build of configuration Debug for project 01-GPIO_Playground ****
make -j8 all 
arm-none-eabi-size  01-GPIO_Playground.elf 
   text	   data	    bss	    dec	    hex	filename
   8596	     12	   1644	  10252	   280c	01-GPIO_Playground.elf
Finished building: default.size.stdout
 
13:31:43 **** Incremental Build of configuration Debug for project 01-GPIO_Playground ****
make -j8 all 
arm-none-eabi-gcc "../Core/Src/main.c" -mcpu=cortex-m4 -std=gnu11 -g3 -DDEBUG -DUSE_HAL_DRIVER -DSTM32F446xx -c -I../Core/Inc -I../Drivers/STM32F4xx_HAL_Driver/Inc -I../Drivers/STM32F4xx_HAL_Driver/Inc/Legacy -I../Drivers/CMSIS/Device/ST/STM32F4xx/Include -I../Drivers/CMSIS/Include -O0 -ffunction-sections -fdata-sections -Wall -fstack-usage -fcyclomatic-complexity -MMD -MP -MF"Core/Src/main.d" -MT"Core/Src/main.o" --specs=nano.specs -mfpu=fpv4-sp-d16 -mfloat-abi=hard -mthumb -o "Core/Src/main.o"
arm-none-eabi-gcc -o "01-GPIO_Playground.elf" @"objects.list"   -mcpu=cortex-m4 -T"C:\Users\madhi\Documents\GitHub\STM32-Learning\01-GPIO_Playground\STM32F446RETX_FLASH.ld" --specs=nosys.specs -Wl,-Map="01-GPIO_Playground.map" -Wl,--gc-sections -static --specs=nano.specs -mfpu=fpv4-sp-d16 -mfloat-abi=hard -mthumb -Wl,--start-group -lc -lm -Wl,--end-group
Finished building target: 01-GPIO_Playground.elf
 
arm-none-eabi-size  01-GPIO_Playground.elf 
arm-none-eabi-objdump -h -S 01-GPIO_Playground.elf  > "01-GPIO_Playground.list"
   text	   data	    bss	    dec	    hex	filename
   8596	     12	   1644	  10252	   280c	01-GPIO_Playground.elf
Finished building: default.size.stdout
 
Finished building: 01-GPIO_Playground.list
 
13:31:51 **** Incremental Build of configuration Debug for project 01-GPIO_Playground ****
make -j8 all 
arm-none-eabi-size  01-GPIO_Playground.elf 
   text	   data	    bss	    dec	    hex	filename
   8596	     12	   1644	  10252	   280c	01-GPIO_Playground.elf
Finished building: default.size.stdout
 
13:48:15 **** Incremental Build of configuration Debug for project 01-GPIO_Playground ****
make -j8 all 
arm-none-eabi-gcc "../Core/Src/main.c" -mcpu=cortex-m4 -std=gnu11 -g3 -DDEBUG -DUSE_HAL_DRIVER -DSTM32F446xx -c -I../Core/Inc -I../Drivers/STM32F4xx_HAL_Driver/Inc -I../Drivers/STM32F4xx_HAL_Driver/Inc/Legacy -I../Drivers/CMSIS/Device/ST/STM32F4xx/Include -I../Drivers/CMSIS/Include -O0 -ffunction-sections -fdata-sections -Wall -fstack-usage -fcyclomatic-complexity -MMD -MP -MF"Core/Src/main.d" -MT"Core/Src/main.o" --specs=nano.specs -mfpu=fpv4-sp-d16 -mfloat-abi=hard -mthumb -o "Core/Src/main.o"
../Core/Src/main.c: In function 'main':
../Core/Src/main.c:81:12: warning: unused variable 'temp' [-Wunused-variable]
   81 |   uint16_t temp=0;
      |            ^~~~
arm-none-eabi-gcc -o "01-GPIO_Playground.elf" @"objects.list"   -mcpu=cortex-m4 -T"C:\Users\madhi\Documents\GitHub\STM32-Learning\01-GPIO_Playground\STM32F446RETX_FLASH.ld" --specs=nosys.specs -Wl,-Map="01-GPIO_Playground.map" -Wl,--gc-sections -static --specs=nano.specs -mfpu=fpv4-sp-d16 -mfloat-abi=hard -mthumb -Wl,--start-group -lc -lm -Wl,--end-group
Finished building target: 01-GPIO_Playground.elf
 
arm-none-eabi-size  01-GPIO_Playground.elf 
arm-none-eabi-objdump -h -S 01-GPIO_Playground.elf  > "01-GPIO_Playground.list"
   text	   data	    bss	    dec	    hex	filename
   8632	     12	   1644	  10288	   2830	01-GPIO_Playground.elf
Finished building: default.size.stdout
 
Finished building: 01-GPIO_Playground.list
 
13:48:34 **** Incremental Build of configuration Debug for project 01-GPIO_Playground ****
make -j8 all 
arm-none-eabi-size  01-GPIO_Playground.elf 
   text	   data	    bss	    dec	    hex	filename
   8632	     12	   1644	  10288	   2830	01-GPIO_Playground.elf
Finished building: default.size.stdout
 
13:49:32 **** Incremental Build of configuration Debug for project 01-GPIO_Playground ****
make -j8 all 
arm-none-eabi-gcc "../Core/Src/main.c" -mcpu=cortex-m4 -std=gnu11 -g3 -DDEBUG -DUSE_HAL_DRIVER -DSTM32F446xx -c -I../Core/Inc -I../Drivers/STM32F4xx_HAL_Driver/Inc -I../Drivers/STM32F4xx_HAL_Driver/Inc/Legacy -I../Drivers/CMSIS/Device/ST/STM32F4xx/Include -I../Drivers/CMSIS/Include -O0 -ffunction-sections -fdata-sections -Wall -fstack-usage -fcyclomatic-complexity -MMD -MP -MF"Core/Src/main.d" -MT"Core/Src/main.o" --specs=nano.specs -mfpu=fpv4-sp-d16 -mfloat-abi=hard -mthumb -o "Core/Src/main.o"
../Core/Src/main.c: In function 'main':
../Core/Src/main.c:81:12: warning: unused variable 'temp' [-Wunused-variable]
   81 |   uint16_t temp=0;
      |            ^~~~
arm-none-eabi-gcc -o "01-GPIO_Playground.elf" @"objects.list"   -mcpu=cortex-m4 -T"C:\Users\madhi\Documents\GitHub\STM32-Learning\01-GPIO_Playground\STM32F446RETX_FLASH.ld" --specs=nosys.specs -Wl,-Map="01-GPIO_Playground.map" -Wl,--gc-sections -static --specs=nano.specs -mfpu=fpv4-sp-d16 -mfloat-abi=hard -mthumb -Wl,--start-group -lc -lm -Wl,--end-group
Finished building target: 01-GPIO_Playground.elf
 
arm-none-eabi-size  01-GPIO_Playground.elf 
arm-none-eabi-objdump -h -S 01-GPIO_Playground.elf  > "01-GPIO_Playground.list"
   text	   data	    bss	    dec	    hex	filename
   8632	     12	   1644	  10288	   2830	01-GPIO_Playground.elf
Finished building: default.size.stdout
 
Finished building: 01-GPIO_Playground.list
 
13:50:00 **** Incremental Build of configuration Debug for project 01-GPIO_Playground ****
make -j8 all 
arm-none-eabi-gcc "../Core/Src/main.c" -mcpu=cortex-m4 -std=gnu11 -g3 -DDEBUG -DUSE_HAL_DRIVER -DSTM32F446xx -c -I../Core/Inc -I../Drivers/STM32F4xx_HAL_Driver/Inc -I../Drivers/STM32F4xx_HAL_Driver/Inc/Legacy -I../Drivers/CMSIS/Device/ST/STM32F4xx/Include -I../Drivers/CMSIS/Include -O0 -ffunction-sections -fdata-sections -Wall -fstack-usage -fcyclomatic-complexity -MMD -MP -MF"Core/Src/main.d" -MT"Core/Src/main.o" --specs=nano.specs -mfpu=fpv4-sp-d16 -mfloat-abi=hard -mthumb -o "Core/Src/main.o"
../Core/Src/main.c: In function 'main':
../Core/Src/main.c:81:12: warning: unused variable 'temp' [-Wunused-variable]
   81 |   uint16_t temp=0;
      |            ^~~~
arm-none-eabi-gcc -o "01-GPIO_Playground.elf" @"objects.list"   -mcpu=cortex-m4 -T"C:\Users\madhi\Documents\GitHub\STM32-Learning\01-GPIO_Playground\STM32F446RETX_FLASH.ld" --specs=nosys.specs -Wl,-Map="01-GPIO_Playground.map" -Wl,--gc-sections -static --specs=nano.specs -mfpu=fpv4-sp-d16 -mfloat-abi=hard -mthumb -Wl,--start-group -lc -lm -Wl,--end-group
Finished building target: 01-GPIO_Playground.elf
 
arm-none-eabi-size  01-GPIO_Playground.elf 
arm-none-eabi-objdump -h -S 01-GPIO_Playground.elf  > "01-GPIO_Playground.list"
   text	   data	    bss	    dec	    hex	filename
   8632	     12	   1644	  10288	   2830	01-GPIO_Playground.elf
Finished building: default.size.stdout
 
Finished building: 01-GPIO_Playground.list
 
13:50:09 **** Incremental Build of configuration Debug for project 01-GPIO_Playground ****
make -j8 all 
arm-none-eabi-size  01-GPIO_Playground.elf 
   text	   data	    bss	    dec	    hex	filename
   8632	     12	   1644	  10288	   2830	01-GPIO_Playground.elf
Finished building: default.size.stdout
 
13:55:32 **** Incremental Build of configuration Debug for project 01-GPIO_Playground ****
make -j8 all 
arm-none-eabi-gcc "../Core/Src/main.c" -mcpu=cortex-m4 -std=gnu11 -g3 -DDEBUG -DUSE_HAL_DRIVER -DSTM32F446xx -c -I../Core/Inc -I../Drivers/STM32F4xx_HAL_Driver/Inc -I../Drivers/STM32F4xx_HAL_Driver/Inc/Legacy -I../Drivers/CMSIS/Device/ST/STM32F4xx/Include -I../Drivers/CMSIS/Include -O0 -ffunction-sections -fdata-sections -Wall -fstack-usage -fcyclomatic-complexity -MMD -MP -MF"Core/Src/main.d" -MT"Core/Src/main.o" --specs=nano.specs -mfpu=fpv4-sp-d16 -mfloat-abi=hard -mthumb -o "Core/Src/main.o"
../Core/Src/main.c: In function 'main':
../Core/Src/main.c:81:12: warning: unused variable 'temp' [-Wunused-variable]
   81 |   uint16_t temp=0;
      |            ^~~~
arm-none-eabi-gcc -o "01-GPIO_Playground.elf" @"objects.list"   -mcpu=cortex-m4 -T"C:\Users\madhi\Documents\GitHub\STM32-Learning\01-GPIO_Playground\STM32F446RETX_FLASH.ld" --specs=nosys.specs -Wl,-Map="01-GPIO_Playground.map" -Wl,--gc-sections -static --specs=nano.specs -mfpu=fpv4-sp-d16 -mfloat-abi=hard -mthumb -Wl,--start-group -lc -lm -Wl,--end-group
Finished building target: 01-GPIO_Playground.elf
 
arm-none-eabi-size  01-GPIO_Playground.elf 
arm-none-eabi-objdump -h -S 01-GPIO_Playground.elf  > "01-GPIO_Playground.list"
   text	   data	    bss	    dec	    hex	filename
   8644	     12	   1644	  10300	   283c	01-GPIO_Playground.elf
Finished building: default.size.stdout
 
Finished building: 01-GPIO_Playground.list
 
13:55:47 **** Incremental Build of configuration Debug for project 01-GPIO_Playground ****
make -j8 all 
arm-none-eabi-size  01-GPIO_Playground.elf 
   text	   data	    bss	    dec	    hex	filename
   8644	     12	   1644	  10300	   283c	01-GPIO_Playground.elf
Finished building: default.size.stdout
 
14:06:41 **** Incremental Build of configuration Debug for project 01-GPIO_Playground ****
make -j8 all 
arm-none-eabi-gcc "../Core/Src/main.c" -mcpu=cortex-m4 -std=gnu11 -g3 -DDEBUG -DUSE_HAL_DRIVER -DSTM32F446xx -c -I../Core/Inc -I../Drivers/STM32F4xx_HAL_Driver/Inc -I../Drivers/STM32F4xx_HAL_Driver/Inc/Legacy -I../Drivers/CMSIS/Device/ST/STM32F4xx/Include -I../Drivers/CMSIS/Include -O0 -ffunction-sections -fdata-sections -Wall -fstack-usage -fcyclomatic-complexity -MMD -MP -MF"Core/Src/main.d" -MT"Core/Src/main.o" --specs=nano.specs -mfpu=fpv4-sp-d16 -mfloat-abi=hard -mthumb -o "Core/Src/main.o"
../Core/Src/main.c: In function 'main':
../Core/Src/main.c:81:12: warning: unused variable 'temp' [-Wunused-variable]
   81 |   uint16_t temp=0;
      |            ^~~~
arm-none-eabi-gcc -o "01-GPIO_Playground.elf" @"objects.list"   -mcpu=cortex-m4 -T"C:\Users\madhi\Documents\GitHub\STM32-Learning\01-GPIO_Playground\STM32F446RETX_FLASH.ld" --specs=nosys.specs -Wl,-Map="01-GPIO_Playground.map" -Wl,--gc-sections -static --specs=nano.specs -mfpu=fpv4-sp-d16 -mfloat-abi=hard -mthumb -Wl,--start-group -lc -lm -Wl,--end-group
Finished building target: 01-GPIO_Playground.elf
 
arm-none-eabi-size  01-GPIO_Playground.elf 
arm-none-eabi-objdump -h -S 01-GPIO_Playground.elf  > "01-GPIO_Playground.list"
   text	   data	    bss	    dec	    hex	filename
   8644	     12	   1644	  10300	   283c	01-GPIO_Playground.elf
Finished building: default.size.stdout
 
Finished building: 01-GPIO_Playground.list
 
14:06:47 **** Incremental Build of configuration Debug for project 01-GPIO_Playground ****
make -j8 all 
arm-none-eabi-size  01-GPIO_Playground.elf 
   text	   data	    bss	    dec	    hex	filename
   8644	     12	   1644	  10300	   283c	01-GPIO_Playground.elf
Finished building: default.size.stdout
 
14:08:47 **** Incremental Build of configuration Debug for project 01-GPIO_Playground ****
make -j8 all 
arm-none-eabi-gcc "../Core/Src/main.c" -mcpu=cortex-m4 -std=gnu11 -g3 -DDEBUG -DUSE_HAL_DRIVER -DSTM32F446xx -c -I../Core/Inc -I../Drivers/STM32F4xx_HAL_Driver/Inc -I../Drivers/STM32F4xx_HAL_Driver/Inc/Legacy -I../Drivers/CMSIS/Device/ST/STM32F4xx/Include -I../Drivers/CMSIS/Include -O0 -ffunction-sections -fdata-sections -Wall -fstack-usage -fcyclomatic-complexity -MMD -MP -MF"Core/Src/main.d" -MT"Core/Src/main.o" --specs=nano.specs -mfpu=fpv4-sp-d16 -mfloat-abi=hard -mthumb -o "Core/Src/main.o"
../Core/Src/main.c: In function 'main':
../Core/Src/main.c:144:15: error: 'i' undeclared (first use in this function)
  144 |           for(i=6;i>=1;i--)
      |               ^
../Core/Src/main.c:144:15: note: each undeclared identifier is reported only once for each function it appears in
../Core/Src/main.c:81:12: warning: unused variable 'temp' [-Wunused-variable]
   81 |   uint16_t temp=0;
      |            ^~~~
make: *** [Core/Src/subdir.mk:34: Core/Src/main.o] Error 1
"make -j8 all" terminated with exit code 2. Build might be incomplete.
14:09:40 **** Incremental Build of configuration Debug for project 01-GPIO_Playground ****
make -j8 all 
arm-none-eabi-gcc "../Core/Src/main.c" -mcpu=cortex-m4 -std=gnu11 -g3 -DDEBUG -DUSE_HAL_DRIVER -DSTM32F446xx -c -I../Core/Inc -I../Drivers/STM32F4xx_HAL_Driver/Inc -I../Drivers/STM32F4xx_HAL_Driver/Inc/Legacy -I../Drivers/CMSIS/Device/ST/STM32F4xx/Include -I../Drivers/CMSIS/Include -O0 -ffunction-sections -fdata-sections -Wall -fstack-usage -fcyclomatic-complexity -MMD -MP -MF"Core/Src/main.d" -MT"Core/Src/main.o" --specs=nano.specs -mfpu=fpv4-sp-d16 -mfloat-abi=hard -mthumb -o "Core/Src/main.o"
../Core/Src/main.c: In function 'main':
../Core/Src/main.c:81:12: warning: unused variable 'temp' [-Wunused-variable]
   81 |   uint16_t temp=0;
      |            ^~~~
arm-none-eabi-gcc -o "01-GPIO_Playground.elf" @"objects.list"   -mcpu=cortex-m4 -T"C:\Users\madhi\Documents\GitHub\STM32-Learning\01-GPIO_Playground\STM32F446RETX_FLASH.ld" --specs=nosys.specs -Wl,-Map="01-GPIO_Playground.map" -Wl,--gc-sections -static --specs=nano.specs -mfpu=fpv4-sp-d16 -mfloat-abi=hard -mthumb -Wl,--start-group -lc -lm -Wl,--end-group
Finished building target: 01-GPIO_Playground.elf
 
arm-none-eabi-size  01-GPIO_Playground.elf 
arm-none-eabi-objdump -h -S 01-GPIO_Playground.elf  > "01-GPIO_Playground.list"
   text	   data	    bss	    dec	    hex	filename
   8636	     12	   1644	  10292	   2834	01-GPIO_Playground.elf
Finished building: default.size.stdout
 
Finished building: 01-GPIO_Playground.list
 
14:09:46 **** Incremental Build of configuration Debug for project 01-GPIO_Playground ****
make -j8 all 
arm-none-eabi-size  01-GPIO_Playground.elf 
   text	   data	    bss	    dec	    hex	filename
   8636	     12	   1644	  10292	   2834	01-GPIO_Playground.elf
Finished building: default.size.stdout
 
14:12:58 **** Incremental Build of configuration Debug for project 01-GPIO_Playground ****
make -j8 all 
arm-none-eabi-gcc "../Core/Src/main.c" -mcpu=cortex-m4 -std=gnu11 -g3 -DDEBUG -DUSE_HAL_DRIVER -DSTM32F446xx -c -I../Core/Inc -I../Drivers/STM32F4xx_HAL_Driver/Inc -I../Drivers/STM32F4xx_HAL_Driver/Inc/Legacy -I../Drivers/CMSIS/Device/ST/STM32F4xx/Include -I../Drivers/CMSIS/Include -O0 -ffunction-sections -fdata-sections -Wall -fstack-usage -fcyclomatic-complexity -MMD -MP -MF"Core/Src/main.d" -MT"Core/Src/main.o" --specs=nano.specs -mfpu=fpv4-sp-d16 -mfloat-abi=hard -mthumb -o "Core/Src/main.o"
../Core/Src/main.c: In function 'main':
../Core/Src/main.c:81:12: warning: unused variable 'temp' [-Wunused-variable]
   81 |   uint16_t temp=0;
      |            ^~~~
arm-none-eabi-gcc -o "01-GPIO_Playground.elf" @"objects.list"   -mcpu=cortex-m4 -T"C:\Users\madhi\Documents\GitHub\STM32-Learning\01-GPIO_Playground\STM32F446RETX_FLASH.ld" --specs=nosys.specs -Wl,-Map="01-GPIO_Playground.map" -Wl,--gc-sections -static --specs=nano.specs -mfpu=fpv4-sp-d16 -mfloat-abi=hard -mthumb -Wl,--start-group -lc -lm -Wl,--end-group
Finished building target: 01-GPIO_Playground.elf
 
arm-none-eabi-size  01-GPIO_Playground.elf 
arm-none-eabi-objdump -h -S 01-GPIO_Playground.elf  > "01-GPIO_Playground.list"
   text	   data	    bss	    dec	    hex	filename
   8636	     12	   1644	  10292	   2834	01-GPIO_Playground.elf
Finished building: default.size.stdout
 
Finished building: 01-GPIO_Playground.list
 
14:13:06 **** Incremental Build of configuration Debug for project 01-GPIO_Playground ****
make -j8 all 
arm-none-eabi-size  01-GPIO_Playground.elf 
   text	   data	    bss	    dec	    hex	filename
   8636	     12	   1644	  10292	   2834	01-GPIO_Playground.elf
Finished building: default.size.stdout
 
14:31:27 **** Incremental Build of configuration Debug for project 01-GPIO_Playground ****
make -j8 all 
arm-none-eabi-gcc "../Core/Src/main.c" -mcpu=cortex-m4 -std=gnu11 -g3 -DDEBUG -DUSE_HAL_DRIVER -DSTM32F446xx -c -I../Core/Inc -I../Drivers/STM32F4xx_HAL_Driver/Inc -I../Drivers/STM32F4xx_HAL_Driver/Inc/Legacy -I../Drivers/CMSIS/Device/ST/STM32F4xx/Include -I../Drivers/CMSIS/Include -O0 -ffunction-sections -fdata-sections -Wall -fstack-usage -fcyclomatic-complexity -MMD -MP -MF"Core/Src/main.d" -MT"Core/Src/main.o" --specs=nano.specs -mfpu=fpv4-sp-d16 -mfloat-abi=hard -mthumb -o "Core/Src/main.o"
arm-none-eabi-gcc -o "01-GPIO_Playground.elf" @"objects.list"   -mcpu=cortex-m4 -T"C:\Users\madhi\Documents\GitHub\STM32-Learning\01-GPIO_Playground\STM32F446RETX_FLASH.ld" --specs=nosys.specs -Wl,-Map="01-GPIO_Playground.map" -Wl,--gc-sections -static --specs=nano.specs -mfpu=fpv4-sp-d16 -mfloat-abi=hard -mthumb -Wl,--start-group -lc -lm -Wl,--end-group
Finished building target: 01-GPIO_Playground.elf
 
arm-none-eabi-size  01-GPIO_Playground.elf 
arm-none-eabi-objdump -h -S 01-GPIO_Playground.elf  > "01-GPIO_Playground.list"
   text	   data	    bss	    dec	    hex	filename
   8632	     12	   1644	  10288	   2830	01-GPIO_Playground.elf
Finished building: default.size.stdout
 
Finished building: 01-GPIO_Playground.list
 
14:31:38 **** Incremental Build of configuration Debug for project 01-GPIO_Playground ****
make -j8 all 
arm-none-eabi-size  01-GPIO_Playground.elf 
   text	   data	    bss	    dec	    hex	filename
   8632	     12	   1644	  10288	   2830	01-GPIO_Playground.elf
Finished building: default.size.stdout
 
14:37:35 **** Incremental Build of configuration Debug for project 01-GPIO_Playground ****
make -j8 all 
arm-none-eabi-gcc "../Core/Src/main.c" -mcpu=cortex-m4 -std=gnu11 -g3 -DDEBUG -DUSE_HAL_DRIVER -DSTM32F446xx -c -I../Core/Inc -I../Drivers/STM32F4xx_HAL_Driver/Inc -I../Drivers/STM32F4xx_HAL_Driver/Inc/Legacy -I../Drivers/CMSIS/Device/ST/STM32F4xx/Include -I../Drivers/CMSIS/Include -O0 -ffunction-sections -fdata-sections -Wall -fstack-usage -fcyclomatic-complexity -MMD -MP -MF"Core/Src/main.d" -MT"Core/Src/main.o" --specs=nano.specs -mfpu=fpv4-sp-d16 -mfloat-abi=hard -mthumb -o "Core/Src/main.o"
arm-none-eabi-gcc -o "01-GPIO_Playground.elf" @"objects.list"   -mcpu=cortex-m4 -T"C:\Users\madhi\Documents\GitHub\STM32-Learning\01-GPIO_Playground\STM32F446RETX_FLASH.ld" --specs=nosys.specs -Wl,-Map="01-GPIO_Playground.map" -Wl,--gc-sections -static --specs=nano.specs -mfpu=fpv4-sp-d16 -mfloat-abi=hard -mthumb -Wl,--start-group -lc -lm -Wl,--end-group
Finished building target: 01-GPIO_Playground.elf
 
arm-none-eabi-size  01-GPIO_Playground.elf 
arm-none-eabi-objdump -h -S 01-GPIO_Playground.elf  > "01-GPIO_Playground.list"
   text	   data	    bss	    dec	    hex	filename
   8632	     12	   1644	  10288	   2830	01-GPIO_Playground.elf
Finished building: default.size.stdout
 
Finished building: 01-GPIO_Playground.list
 
14:40:10 **** Incremental Build of configuration Debug for project 01-GPIO_Playground ****
make -j8 all 
arm-none-eabi-gcc "../Core/Src/main.c" -mcpu=cortex-m4 -std=gnu11 -g3 -DDEBUG -DUSE_HAL_DRIVER -DSTM32F446xx -c -I../Core/Inc -I../Drivers/STM32F4xx_HAL_Driver/Inc -I../Drivers/STM32F4xx_HAL_Driver/Inc/Legacy -I../Drivers/CMSIS/Device/ST/STM32F4xx/Include -I../Drivers/CMSIS/Include -O0 -ffunction-sections -fdata-sections -Wall -fstack-usage -fcyclomatic-complexity -MMD -MP -MF"Core/Src/main.d" -MT"Core/Src/main.o" --specs=nano.specs -mfpu=fpv4-sp-d16 -mfloat-abi=hard -mthumb -o "Core/Src/main.o"
arm-none-eabi-gcc -o "01-GPIO_Playground.elf" @"objects.list"   -mcpu=cortex-m4 -T"C:\Users\madhi\Documents\GitHub\STM32-Learning\01-GPIO_Playground\STM32F446RETX_FLASH.ld" --specs=nosys.specs -Wl,-Map="01-GPIO_Playground.map" -Wl,--gc-sections -static --specs=nano.specs -mfpu=fpv4-sp-d16 -mfloat-abi=hard -mthumb -Wl,--start-group -lc -lm -Wl,--end-group
Finished building target: 01-GPIO_Playground.elf
 
arm-none-eabi-size  01-GPIO_Playground.elf 
arm-none-eabi-objdump -h -S 01-GPIO_Playground.elf  > "01-GPIO_Playground.list"
   text	   data	    bss	    dec	    hex	filename
   8632	     12	   1644	  10288	   2830	01-GPIO_Playground.elf
Finished building: default.size.stdout
 
Finished building: 01-GPIO_Playground.list
 
15:00:23 **** Incremental Build of configuration Debug for project 01-GPIO_Playground ****
make -j8 all 
arm-none-eabi-gcc "../Core/Src/main.c" -mcpu=cortex-m4 -std=gnu11 -g3 -DDEBUG -DUSE_HAL_DRIVER -DSTM32F446xx -c -I../Core/Inc -I../Drivers/STM32F4xx_HAL_Driver/Inc -I../Drivers/STM32F4xx_HAL_Driver/Inc/Legacy -I../Drivers/CMSIS/Device/ST/STM32F4xx/Include -I../Drivers/CMSIS/Include -O0 -ffunction-sections -fdata-sections -Wall -fstack-usage -fcyclomatic-complexity -MMD -MP -MF"Core/Src/main.d" -MT"Core/Src/main.o" --specs=nano.specs -mfpu=fpv4-sp-d16 -mfloat-abi=hard -mthumb -o "Core/Src/main.o"
arm-none-eabi-gcc -o "01-GPIO_Playground.elf" @"objects.list"   -mcpu=cortex-m4 -T"C:\Users\madhi\Documents\GitHub\STM32-Learning\01-GPIO_Playground\STM32F446RETX_FLASH.ld" --specs=nosys.specs -Wl,-Map="01-GPIO_Playground.map" -Wl,--gc-sections -static --specs=nano.specs -mfpu=fpv4-sp-d16 -mfloat-abi=hard -mthumb -Wl,--start-group -lc -lm -Wl,--end-group
Finished building target: 01-GPIO_Playground.elf
 
arm-none-eabi-size  01-GPIO_Playground.elf 
arm-none-eabi-objdump -h -S 01-GPIO_Playground.elf  > "01-GPIO_Playground.list"
   text	   data	    bss	    dec	    hex	filename
   8680	     12	   1644	  10336	   2860	01-GPIO_Playground.elf
Finished building: default.size.stdout
 
Finished building: 01-GPIO_Playground.list
 
15:00:30 **** Incremental Build of configuration Debug for project 01-GPIO_Playground ****
make -j8 all 
arm-none-eabi-size  01-GPIO_Playground.elf 
   text	   data	    bss	    dec	    hex	filename
   8680	     12	   1644	  10336	   2860	01-GPIO_Playground.elf
Finished building: default.size.stdout
 
15:04:57 **** Incremental Build of configuration Debug for project 01-GPIO_Playground ****
make -j8 all 
arm-none-eabi-gcc "../Core/Src/main.c" -mcpu=cortex-m4 -std=gnu11 -g3 -DDEBUG -DUSE_HAL_DRIVER -DSTM32F446xx -c -I../Core/Inc -I../Drivers/STM32F4xx_HAL_Driver/Inc -I../Drivers/STM32F4xx_HAL_Driver/Inc/Legacy -I../Drivers/CMSIS/Device/ST/STM32F4xx/Include -I../Drivers/CMSIS/Include -O0 -ffunction-sections -fdata-sections -Wall -fstack-usage -fcyclomatic-complexity -MMD -MP -MF"Core/Src/main.d" -MT"Core/Src/main.o" --specs=nano.specs -mfpu=fpv4-sp-d16 -mfloat-abi=hard -mthumb -o "Core/Src/main.o"
arm-none-eabi-gcc -o "01-GPIO_Playground.elf" @"objects.list"   -mcpu=cortex-m4 -T"C:\Users\madhi\Documents\GitHub\STM32-Learning\01-GPIO_Playground\STM32F446RETX_FLASH.ld" --specs=nosys.specs -Wl,-Map="01-GPIO_Playground.map" -Wl,--gc-sections -static --specs=nano.specs -mfpu=fpv4-sp-d16 -mfloat-abi=hard -mthumb -Wl,--start-group -lc -lm -Wl,--end-group
Finished building target: 01-GPIO_Playground.elf
 
arm-none-eabi-size  01-GPIO_Playground.elf 
arm-none-eabi-objdump -h -S 01-GPIO_Playground.elf  > "01-GPIO_Playground.list"
   text	   data	    bss	    dec	    hex	filename
   8680	     12	   1644	  10336	   2860	01-GPIO_Playground.elf
Finished building: default.size.stdout
 
Finished building: 01-GPIO_Playground.list
 
15:22:24 **** Incremental Build of configuration Debug for project 01-GPIO_Playground ****
make -j8 all 
arm-none-eabi-gcc "../Core/Src/main.c" -mcpu=cortex-m4 -std=gnu11 -g3 -DDEBUG -DUSE_HAL_DRIVER -DSTM32F446xx -c -I../Core/Inc -I../Drivers/STM32F4xx_HAL_Driver/Inc -I../Drivers/STM32F4xx_HAL_Driver/Inc/Legacy -I../Drivers/CMSIS/Device/ST/STM32F4xx/Include -I../Drivers/CMSIS/Include -O0 -ffunction-sections -fdata-sections -Wall -fstack-usage -fcyclomatic-complexity -MMD -MP -MF"Core/Src/main.d" -MT"Core/Src/main.o" --specs=nano.specs -mfpu=fpv4-sp-d16 -mfloat-abi=hard -mthumb -o "Core/Src/main.o"
arm-none-eabi-gcc -o "01-GPIO_Playground.elf" @"objects.list"   -mcpu=cortex-m4 -T"C:\Users\madhi\Documents\GitHub\STM32-Learning\01-GPIO_Playground\STM32F446RETX_FLASH.ld" --specs=nosys.specs -Wl,-Map="01-GPIO_Playground.map" -Wl,--gc-sections -static --specs=nano.specs -mfpu=fpv4-sp-d16 -mfloat-abi=hard -mthumb -Wl,--start-group -lc -lm -Wl,--end-group
Finished building target: 01-GPIO_Playground.elf
 
arm-none-eabi-size  01-GPIO_Playground.elf 
arm-none-eabi-objdump -h -S 01-GPIO_Playground.elf  > "01-GPIO_Playground.list"
   text	   data	    bss	    dec	    hex	filename
   8748	     12	   1644	  10404	   28a4	01-GPIO_Playground.elf
Finished building: default.size.stdout
 
Finished building: 01-GPIO_Playground.list
 
15:22:31 **** Incremental Build of configuration Debug for project 01-GPIO_Playground ****
make -j8 all 
arm-none-eabi-size  01-GPIO_Playground.elf 
   text	   data	    bss	    dec	    hex	filename
   8748	     12	   1644	  10404	   28a4	01-GPIO_Playground.elf
Finished building: default.size.stdout
 
15:23:17 **** Incremental Build of configuration Debug for project 01-GPIO_Playground ****
make -j8 all 
arm-none-eabi-gcc "../Core/Src/main.c" -mcpu=cortex-m4 -std=gnu11 -g3 -DDEBUG -DUSE_HAL_DRIVER -DSTM32F446xx -c -I../Core/Inc -I../Drivers/STM32F4xx_HAL_Driver/Inc -I../Drivers/STM32F4xx_HAL_Driver/Inc/Legacy -I../Drivers/CMSIS/Device/ST/STM32F4xx/Include -I../Drivers/CMSIS/Include -O0 -ffunction-sections -fdata-sections -Wall -fstack-usage -fcyclomatic-complexity -MMD -MP -MF"Core/Src/main.d" -MT"Core/Src/main.o" --specs=nano.specs -mfpu=fpv4-sp-d16 -mfloat-abi=hard -mthumb -o "Core/Src/main.o"
arm-none-eabi-gcc -o "01-GPIO_Playground.elf" @"objects.list"   -mcpu=cortex-m4 -T"C:\Users\madhi\Documents\GitHub\STM32-Learning\01-GPIO_Playground\STM32F446RETX_FLASH.ld" --specs=nosys.specs -Wl,-Map="01-GPIO_Playground.map" -Wl,--gc-sections -static --specs=nano.specs -mfpu=fpv4-sp-d16 -mfloat-abi=hard -mthumb -Wl,--start-group -lc -lm -Wl,--end-group
Finished building target: 01-GPIO_Playground.elf
 
arm-none-eabi-size  01-GPIO_Playground.elf 
arm-none-eabi-objdump -h -S 01-GPIO_Playground.elf  > "01-GPIO_Playground.list"
   text	   data	    bss	    dec	    hex	filename
   8748	     12	   1644	  10404	   28a4	01-GPIO_Playground.elf
Finished building: default.size.stdout
 
Finished building: 01-GPIO_Playground.list
 
13:46:53 **** Incremental Build of configuration Debug for project 01-GPIO_Playground ****
make -j8 all 
arm-none-eabi-gcc "../Core/Src/main.c" -mcpu=cortex-m4 -std=gnu11 -g3 -DDEBUG -DUSE_HAL_DRIVER -DSTM32F446xx -c -I../Core/Inc -I../Drivers/STM32F4xx_HAL_Driver/Inc -I../Drivers/STM32F4xx_HAL_Driver/Inc/Legacy -I../Drivers/CMSIS/Device/ST/STM32F4xx/Include -I../Drivers/CMSIS/Include -O0 -ffunction-sections -fdata-sections -Wall -fstack-usage -fcyclomatic-complexity -MMD -MP -MF"Core/Src/main.d" -MT"Core/Src/main.o" --specs=nano.specs -mfpu=fpv4-sp-d16 -mfloat-abi=hard -mthumb -o "Core/Src/main.o"
../Core/Src/main.c:308:28: error: expected identifier or '(' before 'void'
  308 | void GPIO_Bit_Control_HAL (void)
      |                            ^~~~
make: *** [Core/Src/subdir.mk:34: Core/Src/main.o] Error 1
"make -j8 all" terminated with exit code 2. Build might be incomplete.
13:47:41 **** Incremental Build of configuration Debug for project 01-GPIO_Playground ****
make -j8 all 
arm-none-eabi-gcc "../Core/Src/main.c" -mcpu=cortex-m4 -std=gnu11 -g3 -DDEBUG -DUSE_HAL_DRIVER -DSTM32F446xx -c -I../Core/Inc -I../Drivers/STM32F4xx_HAL_Driver/Inc -I../Drivers/STM32F4xx_HAL_Driver/Inc/Legacy -I../Drivers/CMSIS/Device/ST/STM32F4xx/Include -I../Drivers/CMSIS/Include -O0 -ffunction-sections -fdata-sections -Wall -fstack-usage -fcyclomatic-complexity -MMD -MP -MF"Core/Src/main.d" -MT"Core/Src/main.o" --specs=nano.specs -mfpu=fpv4-sp-d16 -mfloat-abi=hard -mthumb -o "Core/Src/main.o"
arm-none-eabi-gcc -o "01-GPIO_Playground.elf" @"objects.list"   -mcpu=cortex-m4 -T"C:\Users\madhi\Documents\GitHub\STM32-Learning\01-GPIO_Playground\STM32F446RETX_FLASH.ld" --specs=nosys.specs -Wl,-Map="01-GPIO_Playground.map" -Wl,--gc-sections -static --specs=nano.specs -mfpu=fpv4-sp-d16 -mfloat-abi=hard -mthumb -Wl,--start-group -lc -lm -Wl,--end-group
Finished building target: 01-GPIO_Playground.elf
 
arm-none-eabi-size  01-GPIO_Playground.elf 
arm-none-eabi-objdump -h -S 01-GPIO_Playground.elf  > "01-GPIO_Playground.list"
   text	   data	    bss	    dec	    hex	filename
   8448	     12	   1644	  10104	   2778	01-GPIO_Playground.elf
Finished building: default.size.stdout
 
Finished building: 01-GPIO_Playground.list
 
13:53:00 **** Incremental Build of configuration Debug for project 01-GPIO_Playground ****
make -j8 all 
arm-none-eabi-gcc "../Core/Src/main.c" -mcpu=cortex-m4 -std=gnu11 -g3 -DDEBUG -DUSE_HAL_DRIVER -DSTM32F446xx -c -I../Core/Inc -I../Drivers/STM32F4xx_HAL_Driver/Inc -I../Drivers/STM32F4xx_HAL_Driver/Inc/Legacy -I../Drivers/CMSIS/Device/ST/STM32F4xx/Include -I../Drivers/CMSIS/Include -O0 -ffunction-sections -fdata-sections -Wall -fstack-usage -fcyclomatic-complexity -MMD -MP -MF"Core/Src/main.d" -MT"Core/Src/main.o" --specs=nano.specs -mfpu=fpv4-sp-d16 -mfloat-abi=hard -mthumb -o "Core/Src/main.o"
arm-none-eabi-gcc -o "01-GPIO_Playground.elf" @"objects.list"   -mcpu=cortex-m4 -T"C:\Users\madhi\Documents\GitHub\STM32-Learning\01-GPIO_Playground\STM32F446RETX_FLASH.ld" --specs=nosys.specs -Wl,-Map="01-GPIO_Playground.map" -Wl,--gc-sections -static --specs=nano.specs -mfpu=fpv4-sp-d16 -mfloat-abi=hard -mthumb -Wl,--start-group -lc -lm -Wl,--end-group
Finished building target: 01-GPIO_Playground.elf
 
arm-none-eabi-size  01-GPIO_Playground.elf 
arm-none-eabi-objdump -h -S 01-GPIO_Playground.elf  > "01-GPIO_Playground.list"
   text	   data	    bss	    dec	    hex	filename
   8448	     12	   1644	  10104	   2778	01-GPIO_Playground.elf
Finished building: default.size.stdout
 
Finished building: 01-GPIO_Playground.list
 
14:00:22 **** Incremental Build of configuration Debug for project 01-GPIO_Playground ****
make -j8 all 
arm-none-eabi-gcc "../Core/Src/main.c" -mcpu=cortex-m4 -std=gnu11 -g3 -DDEBUG -DUSE_HAL_DRIVER -DSTM32F446xx -c -I../Core/Inc -I../Drivers/STM32F4xx_HAL_Driver/Inc -I../Drivers/STM32F4xx_HAL_Driver/Inc/Legacy -I../Drivers/CMSIS/Device/ST/STM32F4xx/Include -I../Drivers/CMSIS/Include -O0 -ffunction-sections -fdata-sections -Wall -fstack-usage -fcyclomatic-complexity -MMD -MP -MF"Core/Src/main.d" -MT"Core/Src/main.o" --specs=nano.specs -mfpu=fpv4-sp-d16 -mfloat-abi=hard -mthumb -o "Core/Src/main.o"
../Core/Src/main.c: In function 'main':
../Core/Src/main.c:83:21: error: expected '=', ',', ';', 'asm' or '__attribute__' before 'Singel_Bit'
   83 |   void Knight_Rider Singel_Bit (void);
      |                     ^~~~~~~~~~
../Core/Src/main.c:83:21: warning: implicit declaration of function 'Singel_Bit' [-Wimplicit-function-declaration]
../Core/Src/main.c:83:33: error: expected expression before 'void'
   83 |   void Knight_Rider Singel_Bit (void);
      |                                 ^~~~
../Core/Src/main.c: At top level:
../Core/Src/main.c:338:19: error: expected '=', ',', ';', 'asm' or '__attribute__' before 'Singel_Bit'
  338 | void Knight_Rider Singel_Bit (void)
      |                   ^~~~~~~~~~
make: *** [Core/Src/subdir.mk:34: Core/Src/main.o] Error 1
"make -j8 all" terminated with exit code 2. Build might be incomplete.
14:01:10 **** Incremental Build of configuration Debug for project 01-GPIO_Playground ****
make -j8 all 
arm-none-eabi-gcc "../Core/Src/main.c" -mcpu=cortex-m4 -std=gnu11 -g3 -DDEBUG -DUSE_HAL_DRIVER -DSTM32F446xx -c -I../Core/Inc -I../Drivers/STM32F4xx_HAL_Driver/Inc -I../Drivers/STM32F4xx_HAL_Driver/Inc/Legacy -I../Drivers/CMSIS/Device/ST/STM32F4xx/Include -I../Drivers/CMSIS/Include -O0 -ffunction-sections -fdata-sections -Wall -fstack-usage -fcyclomatic-complexity -MMD -MP -MF"Core/Src/main.d" -MT"Core/Src/main.o" --specs=nano.specs -mfpu=fpv4-sp-d16 -mfloat-abi=hard -mthumb -o "Core/Src/main.o"
arm-none-eabi-gcc -o "01-GPIO_Playground.elf" @"objects.list"   -mcpu=cortex-m4 -T"C:\Users\madhi\Documents\GitHub\STM32-Learning\01-GPIO_Playground\STM32F446RETX_FLASH.ld" --specs=nosys.specs -Wl,-Map="01-GPIO_Playground.map" -Wl,--gc-sections -static --specs=nano.specs -mfpu=fpv4-sp-d16 -mfloat-abi=hard -mthumb -Wl,--start-group -lc -lm -Wl,--end-group
Finished building target: 01-GPIO_Playground.elf
 
arm-none-eabi-size  01-GPIO_Playground.elf 
arm-none-eabi-objdump -h -S 01-GPIO_Playground.elf  > "01-GPIO_Playground.list"
   text	   data	    bss	    dec	    hex	filename
   8448	     12	   1644	  10104	   2778	01-GPIO_Playground.elf
Finished building: default.size.stdout
 
Finished building: 01-GPIO_Playground.list
 
14:12:15 **** Incremental Build of configuration Debug for project 01-GPIO_Playground ****
make -j8 all 
arm-none-eabi-gcc "../Core/Src/main.c" -mcpu=cortex-m4 -std=gnu11 -g3 -DDEBUG -DUSE_HAL_DRIVER -DSTM32F446xx -c -I../Core/Inc -I../Drivers/STM32F4xx_HAL_Driver/Inc -I../Drivers/STM32F4xx_HAL_Driver/Inc/Legacy -I../Drivers/CMSIS/Device/ST/STM32F4xx/Include -I../Drivers/CMSIS/Include -O0 -ffunction-sections -fdata-sections -Wall -fstack-usage -fcyclomatic-complexity -MMD -MP -MF"Core/Src/main.d" -MT"Core/Src/main.o" --specs=nano.specs -mfpu=fpv4-sp-d16 -mfloat-abi=hard -mthumb -o "Core/Src/main.o"
arm-none-eabi-gcc -o "01-GPIO_Playground.elf" @"objects.list"   -mcpu=cortex-m4 -T"C:\Users\madhi\Documents\GitHub\STM32-Learning\01-GPIO_Playground\STM32F446RETX_FLASH.ld" --specs=nosys.specs -Wl,-Map="01-GPIO_Playground.map" -Wl,--gc-sections -static --specs=nano.specs -mfpu=fpv4-sp-d16 -mfloat-abi=hard -mthumb -Wl,--start-group -lc -lm -Wl,--end-group
Finished building target: 01-GPIO_Playground.elf
 
arm-none-eabi-size  01-GPIO_Playground.elf 
arm-none-eabi-objdump -h -S 01-GPIO_Playground.elf  > "01-GPIO_Playground.list"
   text	   data	    bss	    dec	    hex	filename
   8448	     12	   1644	  10104	   2778	01-GPIO_Playground.elf
Finished building: default.size.stdout
 
Finished building: 01-GPIO_Playground.list
 
14:14:34 **** Incremental Build of configuration Debug for project 01-GPIO_Playground ****
make -j8 all 
arm-none-eabi-gcc "../Core/Src/main.c" -mcpu=cortex-m4 -std=gnu11 -g3 -DDEBUG -DUSE_HAL_DRIVER -DSTM32F446xx -c -I../Core/Inc -I../Drivers/STM32F4xx_HAL_Driver/Inc -I../Drivers/STM32F4xx_HAL_Driver/Inc/Legacy -I../Drivers/CMSIS/Device/ST/STM32F4xx/Include -I../Drivers/CMSIS/Include -O0 -ffunction-sections -fdata-sections -Wall -fstack-usage -fcyclomatic-complexity -MMD -MP -MF"Core/Src/main.d" -MT"Core/Src/main.o" --specs=nano.specs -mfpu=fpv4-sp-d16 -mfloat-abi=hard -mthumb -o "Core/Src/main.o"
arm-none-eabi-gcc -o "01-GPIO_Playground.elf" @"objects.list"   -mcpu=cortex-m4 -T"C:\Users\madhi\Documents\GitHub\STM32-Learning\01-GPIO_Playground\STM32F446RETX_FLASH.ld" --specs=nosys.specs -Wl,-Map="01-GPIO_Playground.map" -Wl,--gc-sections -static --specs=nano.specs -mfpu=fpv4-sp-d16 -mfloat-abi=hard -mthumb -Wl,--start-group -lc -lm -Wl,--end-group
Finished building target: 01-GPIO_Playground.elf
 
arm-none-eabi-size  01-GPIO_Playground.elf 
arm-none-eabi-objdump -h -S 01-GPIO_Playground.elf  > "01-GPIO_Playground.list"
   text	   data	    bss	    dec	    hex	filename
   8448	     12	   1644	  10104	   2778	01-GPIO_Playground.elf
Finished building: default.size.stdout
 
Finished building: 01-GPIO_Playground.list
 
14:43:49 **** Incremental Build of configuration Debug for project 01-GPIO_Playground ****
make -j8 all 
arm-none-eabi-gcc "../Core/Src/main.c" -mcpu=cortex-m4 -std=gnu11 -g3 -DDEBUG -DUSE_HAL_DRIVER -DSTM32F446xx -c -I../Core/Inc -I../Drivers/STM32F4xx_HAL_Driver/Inc -I../Drivers/STM32F4xx_HAL_Driver/Inc/Legacy -I../Drivers/CMSIS/Device/ST/STM32F4xx/Include -I../Drivers/CMSIS/Include -O0 -ffunction-sections -fdata-sections -Wall -fstack-usage -fcyclomatic-complexity -MMD -MP -MF"Core/Src/main.d" -MT"Core/Src/main.o" --specs=nano.specs -mfpu=fpv4-sp-d16 -mfloat-abi=hard -mthumb -o "Core/Src/main.o"
arm-none-eabi-gcc -o "01-GPIO_Playground.elf" @"objects.list"   -mcpu=cortex-m4 -T"C:\Users\madhi\Documents\GitHub\STM32-Learning\01-GPIO_Playground\STM32F446RETX_FLASH.ld" --specs=nosys.specs -Wl,-Map="01-GPIO_Playground.map" -Wl,--gc-sections -static --specs=nano.specs -mfpu=fpv4-sp-d16 -mfloat-abi=hard -mthumb -Wl,--start-group -lc -lm -Wl,--end-group
Finished building target: 01-GPIO_Playground.elf
 
arm-none-eabi-size  01-GPIO_Playground.elf 
arm-none-eabi-objdump -h -S 01-GPIO_Playground.elf  > "01-GPIO_Playground.list"
   text	   data	    bss	    dec	    hex	filename
   8448	     12	   1644	  10104	   2778	01-GPIO_Playground.elf
Finished building: default.size.stdout
 
Finished building: 01-GPIO_Playground.list
 
14:50:56 **** Incremental Build of configuration Debug for project 01-GPIO_Playground ****
make -j8 all 
arm-none-eabi-gcc "../Core/Src/main.c" -mcpu=cortex-m4 -std=gnu11 -g3 -DDEBUG -DUSE_HAL_DRIVER -DSTM32F446xx -c -I../Core/Inc -I../Drivers/STM32F4xx_HAL_Driver/Inc -I../Drivers/STM32F4xx_HAL_Driver/Inc/Legacy -I../Drivers/CMSIS/Device/ST/STM32F4xx/Include -I../Drivers/CMSIS/Include -O0 -ffunction-sections -fdata-sections -Wall -fstack-usage -fcyclomatic-complexity -MMD -MP -MF"Core/Src/main.d" -MT"Core/Src/main.o" --specs=nano.specs -mfpu=fpv4-sp-d16 -mfloat-abi=hard -mthumb -o "Core/Src/main.o"
../Core/Src/main.c: In function 'main':
../Core/Src/main.c:123:19: error: expected '=', ',', ';', 'asm' or '__attribute__' before 'Mirror_Pattern'
  123 | void Knight_Rider Mirror_Pattern (void)
      |                   ^~~~~~~~~~~~~~
../Core/Src/main.c:123:19: warning: implicit declaration of function 'Mirror_Pattern' [-Wimplicit-function-declaration]
../Core/Src/main.c:123:35: error: expected expression before 'void'
  123 | void Knight_Rider Mirror_Pattern (void)
      |                                   ^~~~
../Core/Src/main.c:123:40: error: expected ';' before '{' token
  123 | void Knight_Rider Mirror_Pattern (void)
      |                                        ^
      |                                        ;
  124 | {
      | ~                                       
make: *** [Core/Src/subdir.mk:34: Core/Src/main.o] Error 1
"make -j8 all" terminated with exit code 2. Build might be incomplete.
14:53:04 **** Incremental Build of configuration Debug for project 01-GPIO_Playground ****
make -j8 all 
arm-none-eabi-gcc "../Core/Src/main.c" -mcpu=cortex-m4 -std=gnu11 -g3 -DDEBUG -DUSE_HAL_DRIVER -DSTM32F446xx -c -I../Core/Inc -I../Drivers/STM32F4xx_HAL_Driver/Inc -I../Drivers/STM32F4xx_HAL_Driver/Inc/Legacy -I../Drivers/CMSIS/Device/ST/STM32F4xx/Include -I../Drivers/CMSIS/Include -O0 -ffunction-sections -fdata-sections -Wall -fstack-usage -fcyclomatic-complexity -MMD -MP -MF"Core/Src/main.d" -MT"Core/Src/main.o" --specs=nano.specs -mfpu=fpv4-sp-d16 -mfloat-abi=hard -mthumb -o "Core/Src/main.o"
../Core/Src/main.c:124:6: warning: 'Knight_Rider_Mirror_Pattern' defined but not used [-Wunused-function]
  124 | void Knight_Rider_Mirror_Pattern (void)
      |      ^~~~~~~~~~~~~~~~~~~~~~~~~~~
arm-none-eabi-gcc -o "01-GPIO_Playground.elf" @"objects.list"   -mcpu=cortex-m4 -T"C:\Users\madhi\Documents\GitHub\STM32-Learning\01-GPIO_Playground\STM32F446RETX_FLASH.ld" --specs=nosys.specs -Wl,-Map="01-GPIO_Playground.map" -Wl,--gc-sections -static --specs=nano.specs -mfpu=fpv4-sp-d16 -mfloat-abi=hard -mthumb -Wl,--start-group -lc -lm -Wl,--end-group
Finished building target: 01-GPIO_Playground.elf
 
arm-none-eabi-size  01-GPIO_Playground.elf 
arm-none-eabi-objdump -h -S 01-GPIO_Playground.elf  > "01-GPIO_Playground.list"
   text	   data	    bss	    dec	    hex	filename
   8456	     12	   1644	  10112	   2780	01-GPIO_Playground.elf
Finished building: default.size.stdout
 
Finished building: 01-GPIO_Playground.list
 
14:55:02 **** Incremental Build of configuration Debug for project 01-GPIO_Playground ****
make -j8 all 
arm-none-eabi-gcc "../Core/Src/main.c" -mcpu=cortex-m4 -std=gnu11 -g3 -DDEBUG -DUSE_HAL_DRIVER -DSTM32F446xx -c -I../Core/Inc -I../Drivers/STM32F4xx_HAL_Driver/Inc -I../Drivers/STM32F4xx_HAL_Driver/Inc/Legacy -I../Drivers/CMSIS/Device/ST/STM32F4xx/Include -I../Drivers/CMSIS/Include -O0 -ffunction-sections -fdata-sections -Wall -fstack-usage -fcyclomatic-complexity -MMD -MP -MF"Core/Src/main.d" -MT"Core/Src/main.o" --specs=nano.specs -mfpu=fpv4-sp-d16 -mfloat-abi=hard -mthumb -o "Core/Src/main.o"
../Core/Src/main.c:124:6: warning: 'Knight_Rider_Mirror_Pattern' defined but not used [-Wunused-function]
  124 | void Knight_Rider_Mirror_Pattern (void)
      |      ^~~~~~~~~~~~~~~~~~~~~~~~~~~
arm-none-eabi-gcc -o "01-GPIO_Playground.elf" @"objects.list"   -mcpu=cortex-m4 -T"C:\Users\madhi\Documents\GitHub\STM32-Learning\01-GPIO_Playground\STM32F446RETX_FLASH.ld" --specs=nosys.specs -Wl,-Map="01-GPIO_Playground.map" -Wl,--gc-sections -static --specs=nano.specs -mfpu=fpv4-sp-d16 -mfloat-abi=hard -mthumb -Wl,--start-group -lc -lm -Wl,--end-group
Finished building target: 01-GPIO_Playground.elf
 
arm-none-eabi-size  01-GPIO_Playground.elf 
arm-none-eabi-objdump -h -S 01-GPIO_Playground.elf  > "01-GPIO_Playground.list"
   text	   data	    bss	    dec	    hex	filename
   8456	     12	   1644	  10112	   2780	01-GPIO_Playground.elf
Finished building: default.size.stdout
 
Finished building: 01-GPIO_Playground.list
 
15:32:11 **** Incremental Build of configuration Debug for project 01-GPIO_Playground ****
make -j8 all 
arm-none-eabi-gcc "../Core/Src/main.c" -mcpu=cortex-m4 -std=gnu11 -g3 -DDEBUG -DUSE_HAL_DRIVER -DSTM32F446xx -c -I../Core/Inc -I../Drivers/STM32F4xx_HAL_Driver/Inc -I../Drivers/STM32F4xx_HAL_Driver/Inc/Legacy -I../Drivers/CMSIS/Device/ST/STM32F4xx/Include -I../Drivers/CMSIS/Include -O0 -ffunction-sections -fdata-sections -Wall -fstack-usage -fcyclomatic-complexity -MMD -MP -MF"Core/Src/main.d" -MT"Core/Src/main.o" --specs=nano.specs -mfpu=fpv4-sp-d16 -mfloat-abi=hard -mthumb -o "Core/Src/main.o"
../Core/Src/main.c:124:6: warning: 'Knight_Rider_Mirror_Pattern' defined but not used [-Wunused-function]
  124 | void Knight_Rider_Mirror_Pattern (void)
      |      ^~~~~~~~~~~~~~~~~~~~~~~~~~~
arm-none-eabi-gcc -o "01-GPIO_Playground.elf" @"objects.list"   -mcpu=cortex-m4 -T"C:\Users\madhi\Documents\GitHub\STM32-Learning\01-GPIO_Playground\STM32F446RETX_FLASH.ld" --specs=nosys.specs -Wl,-Map="01-GPIO_Playground.map" -Wl,--gc-sections -static --specs=nano.specs -mfpu=fpv4-sp-d16 -mfloat-abi=hard -mthumb -Wl,--start-group -lc -lm -Wl,--end-group
Finished building target: 01-GPIO_Playground.elf
 
arm-none-eabi-size  01-GPIO_Playground.elf 
arm-none-eabi-objdump -h -S 01-GPIO_Playground.elf  > "01-GPIO_Playground.list"
   text	   data	    bss	    dec	    hex	filename
   8456	     12	   1644	  10112	   2780	01-GPIO_Playground.elf
Finished building: default.size.stdout
 
Finished building: 01-GPIO_Playground.list
 
